Archive member included because of file (symbol)

/usr/lib/gcc/avr/4.8.2/avr51/libgcc.a(_exit.o)
                              /usr/lib/gcc/avr/4.8.2/../../../avr/lib/avr51/crtusb1286.o (exit)
/usr/lib/gcc/avr/4.8.2/avr51/libgcc.a(_tablejump.o)
                              ../../LUFA/LUFA/Drivers/USB/Core/DeviceStandardReq.o (__tablejump2__)
/usr/lib/gcc/avr/4.8.2/avr51/libgcc.a(_copy_data.o)
                              Keyboard.o (__do_copy_data)
/usr/lib/gcc/avr/4.8.2/avr51/libgcc.a(_clear_bss.o)
                              Keyboard.o (__do_clear_bss)
/usr/lib/gcc/avr/4.8.2/../../../avr/lib/avr51/libc.a(memcpy_P.o)
                              ../../LUFA/LUFA/Drivers/USB/Class/Device/RNDISClassDevice.o (memcpy_P)
/usr/lib/gcc/avr/4.8.2/../../../avr/lib/avr51/libc.a(memcmp.o)
                              ../../LUFA/LUFA/Drivers/USB/Class/Device/HIDClassDevice.o (memcmp)
/usr/lib/gcc/avr/4.8.2/../../../avr/lib/avr51/libc.a(memcpy.o)
                              ../../LUFA/LUFA/Drivers/USB/Class/Device/HIDClassDevice.o (memcpy)
/usr/lib/gcc/avr/4.8.2/../../../avr/lib/avr51/libc.a(memset.o)
                              ../../LUFA/LUFA/Drivers/USB/Class/Device/HIDClassDevice.o (memset)
/usr/lib/gcc/avr/4.8.2/../../../avr/lib/avr51/libc.a(eerd_byte_at90usb1286.o)
                              ../../LUFA/LUFA/Drivers/USB/Core/AVR8/EndpointStream_AVR8.o (__eerd_byte_usb1286)
/usr/lib/gcc/avr/4.8.2/../../../avr/lib/avr51/libc.a(eeupd_byte_at90usb1286.o)
                              ../../LUFA/LUFA/Drivers/USB/Core/AVR8/EndpointStream_AVR8.o (__eeupd_byte_usb1286)

Allocating common symbols
Common symbol       size              file

USB_IsInitialized   0x1               ../../LUFA/LUFA/Drivers/USB/Core/USBTask.o
USB_DeviceState     0x1               ../../LUFA/LUFA/Drivers/USB/Core/USBTask.o
USB_Device_ConfigurationNumber
                    0x1               ../../LUFA/LUFA/Drivers/USB/Core/DeviceStandardReq.o
USB_Device_CurrentlySelfPowered
                    0x1               ../../LUFA/LUFA/Drivers/USB/Core/DeviceStandardReq.o
prev                0x50              Keyboard.o
USB_ControlRequest  0x8               ../../LUFA/LUFA/Drivers/USB/Core/USBTask.o
USB_Device_RemoteWakeupEnabled
                    0x1               ../../LUFA/LUFA/Drivers/USB/Core/DeviceStandardReq.o

Discarded input sections

 .bss           0x0000000000000000        0x0 /usr/lib/gcc/avr/4.8.2/../../../avr/lib/avr51/crtusb1286.o
 .text          0x0000000000000000        0x0 Keyboard.o
 .text          0x0000000000000000        0x0 Descriptors.o
 .bss           0x0000000000000000        0x0 Descriptors.o
 .text          0x0000000000000000        0x0 ../../LUFA/LUFA/Drivers/USB/Class/Common/HIDParser.o
 .bss           0x0000000000000000        0x0 ../../LUFA/LUFA/Drivers/USB/Class/Common/HIDParser.o
 .text.USB_ProcessHIDReport
                0x0000000000000000      0x70c ../../LUFA/LUFA/Drivers/USB/Class/Common/HIDParser.o
 .text.USB_GetHIDReportItemInfo
                0x0000000000000000       0xbc ../../LUFA/LUFA/Drivers/USB/Class/Common/HIDParser.o
 .text.USB_SetHIDReportItemInfo
                0x0000000000000000       0xec ../../LUFA/LUFA/Drivers/USB/Class/Common/HIDParser.o
 .text.USB_GetHIDReportSize
                0x0000000000000000       0x60 ../../LUFA/LUFA/Drivers/USB/Class/Common/HIDParser.o
 .text          0x0000000000000000        0x0 ../../LUFA/LUFA/Drivers/USB/Core/AVR8/Device_AVR8.o
 .bss           0x0000000000000000        0x0 ../../LUFA/LUFA/Drivers/USB/Core/AVR8/Device_AVR8.o
 .text.USB_Device_SendRemoteWakeup
                0x0000000000000000       0x2c ../../LUFA/LUFA/Drivers/USB/Core/AVR8/Device_AVR8.o
 .text          0x0000000000000000        0x0 ../../LUFA/LUFA/Drivers/USB/Core/AVR8/EndpointStream_AVR8.o
 .bss           0x0000000000000000        0x0 ../../LUFA/LUFA/Drivers/USB/Core/AVR8/EndpointStream_AVR8.o
 .text.Endpoint_Discard_Stream
                0x0000000000000000       0x7e ../../LUFA/LUFA/Drivers/USB/Core/AVR8/EndpointStream_AVR8.o
 .text.Endpoint_Null_Stream
                0x0000000000000000       0x7e ../../LUFA/LUFA/Drivers/USB/Core/AVR8/EndpointStream_AVR8.o
 .text.Endpoint_Write_Stream_BE
                0x0000000000000000       0xa4 ../../LUFA/LUFA/Drivers/USB/Core/AVR8/EndpointStream_AVR8.o
 .text.Endpoint_Read_Stream_LE
                0x0000000000000000       0x96 ../../LUFA/LUFA/Drivers/USB/Core/AVR8/EndpointStream_AVR8.o
 .text.Endpoint_Read_Stream_BE
                0x0000000000000000       0xa4 ../../LUFA/LUFA/Drivers/USB/Core/AVR8/EndpointStream_AVR8.o
 .text.Endpoint_Write_PStream_LE
                0x0000000000000000       0x9a ../../LUFA/LUFA/Drivers/USB/Core/AVR8/EndpointStream_AVR8.o
 .text.Endpoint_Write_PStream_BE
                0x0000000000000000       0xa6 ../../LUFA/LUFA/Drivers/USB/Core/AVR8/EndpointStream_AVR8.o
 .text.Endpoint_Write_EStream_LE
                0x0000000000000000       0x9c ../../LUFA/LUFA/Drivers/USB/Core/AVR8/EndpointStream_AVR8.o
[...]
Memory Configuration

Name             Origin             Length             Attributes
text             0x0000000000000000 0x0000000000020000 xr
data             0x0000000000800100 0x000000000000ff00 rw !x
eeprom           0x0000000000810000 0x0000000000010000 rw !x
fuse             0x0000000000820000 0x0000000000000400 rw !x
lock             0x0000000000830000 0x0000000000000400 rw !x
signature        0x0000000000840000 0x0000000000000400 rw !x
user_signatures  0x0000000000850000 0x0000000000000400 rw !x
*default*        0x0000000000000000 0xffffffffffffffff

Linker script and memory map

Address of section .data set to 0x800100
LOAD /usr/lib/gcc/avr/4.8.2/../../../avr/lib/avr51/crtusb1286.o
LOAD Keyboard.o
LOAD Descriptors.o
LOAD ../../LUFA/LUFA/Drivers/USB/Class/Common/HIDParser.o
LOAD ../../LUFA/LUFA/Drivers/USB/Core/AVR8/Device_AVR8.o
LOAD ../../LUFA/LUFA/Drivers/USB/Core/AVR8/EndpointStream_AVR8.o
LOAD ../../LUFA/LUFA/Drivers/USB/Core/AVR8/Endpoint_AVR8.o
LOAD ../../LUFA/LUFA/Drivers/USB/Core/AVR8/Host_AVR8.o
LOAD ../../LUFA/LUFA/Drivers/USB/Core/AVR8/PipeStream_AVR8.o
LOAD ../../LUFA/LUFA/Drivers/USB/Core/AVR8/Pipe_AVR8.o
LOAD ../../LUFA/LUFA/Drivers/USB/Core/AVR8/USBController_AVR8.o
LOAD ../../LUFA/LUFA/Drivers/USB/Core/AVR8/USBInterrupt_AVR8.o
LOAD ../../LUFA/LUFA/Drivers/USB/Core/ConfigDescriptors.o
LOAD ../../LUFA/LUFA/Drivers/USB/Core/DeviceStandardReq.o
LOAD ../../LUFA/LUFA/Drivers/USB/Core/Events.o
LOAD ../../LUFA/LUFA/Drivers/USB/Core/HostStandardReq.o
LOAD ../../LUFA/LUFA/Drivers/USB/Core/USBTask.o
LOAD ../../LUFA/LUFA/Drivers/USB/Class/Device/AudioClassDevice.o
LOAD ../../LUFA/LUFA/Drivers/USB/Class/Device/CDCClassDevice.o
LOAD ../../LUFA/LUFA/Drivers/USB/Class/Device/HIDClassDevice.o
LOAD ../../LUFA/LUFA/Drivers/USB/Class/Device/MassStorageClassDevice.o
LOAD ../../LUFA/LUFA/Drivers/USB/Class/Device/MIDIClassDevice.o
LOAD ../../LUFA/LUFA/Drivers/USB/Class/Device/PrinterClassDevice.o
LOAD ../../LUFA/LUFA/Drivers/USB/Class/Device/RNDISClassDevice.o
LOAD ../../LUFA/LUFA/Drivers/USB/Class/Host/AndroidAccessoryClassHost.o
LOAD ../../LUFA/LUFA/Drivers/USB/Class/Host/AudioClassHost.o
LOAD ../../LUFA/LUFA/Drivers/USB/Class/Host/CDCClassHost.o
LOAD ../../LUFA/LUFA/Drivers/USB/Class/Host/HIDClassHost.o
LOAD ../../LUFA/LUFA/Drivers/USB/Class/Host/MassStorageClassHost.o
LOAD ../../LUFA/LUFA/Drivers/USB/Class/Host/MIDIClassHost.o
LOAD ../../LUFA/LUFA/Drivers/USB/Class/Host/PrinterClassHost.o
LOAD ../../LUFA/LUFA/Drivers/USB/Class/Host/RNDISClassHost.o
LOAD ../../LUFA/LUFA/Drivers/USB/Class/Host/StillImageClassHost.o
LOAD /usr/lib/gcc/avr/4.8.2/../../../avr/lib/avr51/libm.a
START GROUP
LOAD /usr/lib/gcc/avr/4.8.2/avr51/libgcc.a
LOAD /usr/lib/gcc/avr/4.8.2/../../../avr/lib/avr51/libm.a
LOAD /usr/lib/gcc/avr/4.8.2/../../../avr/lib/avr51/libc.a
END GROUP

.hash
 *(.hash)

.dynsym
 *(.dynsym)

.dynstr
 *(.dynstr)

.gnu.version
 *(.gnu.version)

.gnu.version_d
 *(.gnu.version_d)

.gnu.version_r
 *(.gnu.version_r)

.rel.init
 *(.rel.init)

.rela.init
 *(.rela.init)

.rel.text
 *(.rel.text)
 *(.rel.text.*)
 *(.rel.gnu.linkonce.t*)

.rela.text
 *(.rela.text)
 *(.rela.text.*)
 *(.rela.gnu.linkonce.t*)

.rel.fini
 *(.rel.fini)

.rela.fini
 *(.rela.fini)

.rel.rodata
 *(.rel.rodata)
 *(.rel.rodata.*)
 *(.rel.gnu.linkonce.r*)

.rela.rodata
 *(.rela.rodata)
 *(.rela.rodata.*)
 *(.rela.gnu.linkonce.r*)

.rel.data
 *(.rel.data)
 *(.rel.data.*)
 *(.rel.gnu.linkonce.d*)

.rela.data
 *(.rela.data)
 *(.rela.data.*)
 *(.rela.gnu.linkonce.d*)

.rel.ctors
 *(.rel.ctors)

.rela.ctors
 *(.rela.ctors)

.rel.dtors
 *(.rel.dtors)

.rela.dtors
 *(.rela.dtors)

.rel.got
 *(.rel.got)

.rela.got
 *(.rela.got)

.rel.bss
 *(.rel.bss)

.rela.bss
 *(.rela.bss)

.rel.plt
 *(.rel.plt)

.rela.plt
 *(.rela.plt)

.text           0x0000000000000000     0x1194
 *(.vectors)
 .vectors       0x0000000000000000       0x98 /usr/lib/gcc/avr/4.8.2/../../../avr/lib/avr51/crtusb1286.o
                0x0000000000000000                __vectors
                0x0000000000000000                __vector_default
 *(.vectors)
 *(.progmem.gcc*)
 .progmem.gcc_sw_table.USB_Device_ProcessControlRequest
                0x0000000000000098       0x14 ../../LUFA/LUFA/Drivers/USB/Core/DeviceStandardReq.o
 *(.progmem*)
 .progmem.data  0x00000000000000ac       0xb9 Descriptors.o
                0x00000000000000ac                ProductString
                0x00000000000000d4                ManufacturerString
                0x00000000000000ee                LanguageString
                0x00000000000000f2                ConfigurationDescriptor
                0x0000000000000114                DeviceDescriptor
                0x0000000000000126                KeyboardReport
                0x0000000000000166                . = ALIGN (0x2)
 *fill*         0x0000000000000165        0x1 
                0x0000000000000166                __trampolines_start = .
 *(.trampolines)
 .trampolines   0x0000000000000166        0x0 linker stubs
 *(.trampolines*)
                0x0000000000000166                __trampolines_end = .
 *(.jumptables)
 *(.jumptables*)
 *(.lowtext)
 *(.lowtext*)
                0x0000000000000166                __ctors_start = .
 *(.ctors)
                0x0000000000000166                __ctors_end = .
                0x0000000000000166                __dtors_start = .
 *(.dtors)
                0x0000000000000166                __dtors_end = .
 SORT(*)(.ctors)
 SORT(*)(.dtors)
 *(.init0)
 .init0         0x0000000000000166        0x0 /usr/lib/gcc/avr/4.8.2/../../../avr/lib/avr51/crtusb1286.o
                0x0000000000000166                __init
 *(.init0)
 *(.init1)
 *(.init1)
 *(.init2)
 .init2         0x0000000000000166        0xc /usr/lib/gcc/avr/4.8.2/../../../avr/lib/avr51/crtusb1286.o
 *(.init2)
 *(.init3)
 *(.init3)
 *(.init4)
 .init4         0x0000000000000172       0x1a /usr/lib/gcc/avr/4.8.2/avr51/libgcc.a(_copy_data.o)
                0x0000000000000172                __do_copy_data
 .init4         0x000000000000018c       0x10 /usr/lib/gcc/avr/4.8.2/avr51/libgcc.a(_clear_bss.o)
                0x000000000000018c                __do_clear_bss
 *(.init4)
 *(.init5)
 *(.init5)
 *(.init6)
 *(.init6)
 *(.init7)
 *(.init7)
 *(.init8)
 *(.init8)
 *(.init9)
 .init9         0x000000000000019c        0x4 /usr/lib/gcc/avr/4.8.2/../../../avr/lib/avr51/crtusb1286.o
 *(.init9)
 *(.text)
 .text          0x00000000000001a0        0x2 /usr/lib/gcc/avr/4.8.2/../../../avr/lib/avr51/crtusb1286.o
                0x00000000000001a0                __vector_22
                0x00000000000001a0                __vector_28
                0x00000000000001a0                __vector_1
                0x00000000000001a0                __vector_32
                0x00000000000001a0                __vector_34
                0x00000000000001a0                __vector_24
                0x00000000000001a0                __vector_12
                0x00000000000001a0                __bad_interrupt
                0x00000000000001a0                __vector_6
                0x00000000000001a0                __vector_31
                0x00000000000001a0                __vector_35
                0x00000000000001a0                __vector_3
                0x00000000000001a0                __vector_23
                0x00000000000001a0                __vector_30
                0x00000000000001a0                __vector_25
                0x00000000000001a0                __vector_11
                0x00000000000001a0                __vector_13
                0x00000000000001a0                __vector_17
                0x00000000000001a0                __vector_19
                0x00000000000001a0                __vector_7
                0x00000000000001a0                __vector_27
                0x00000000000001a0                __vector_5
                0x00000000000001a0                __vector_33
                0x00000000000001a0                __vector_37
                0x00000000000001a0                __vector_4
                0x00000000000001a0                __vector_9
                0x00000000000001a0                __vector_2
                0x00000000000001a0                __vector_21
                0x00000000000001a0                __vector_15
                0x00000000000001a0                __vector_36
                0x00000000000001a0                __vector_29
                0x00000000000001a0                __vector_8
                0x00000000000001a0                __vector_26
                0x00000000000001a0                __vector_14
                0x00000000000001a0                __vector_16
                0x00000000000001a0                __vector_18
                0x00000000000001a0                __vector_20
                0x00000000000001a2                . = ALIGN (0x2)
 *(.text.*)
 .text.LEDs_SetAllLEDs
                0x00000000000001a2        0xc Keyboard.o
 .text.CheckKeyboard
                0x00000000000001ae       0xaa Keyboard.o
                0x00000000000001ae                CheckKeyboard
 .text.SetupHardware
                0x0000000000000258       0x2e Keyboard.o
                0x0000000000000258                SetupHardware
 .text.startup.main
                0x0000000000000286       0x14 Keyboard.o
                0x0000000000000286                main
 .text.EVENT_USB_Device_Connect
                0x000000000000029a        0x4 Keyboard.o
                0x000000000000029a                EVENT_USB_Device_Connect
 .text.EVENT_USB_Device_Disconnect
                0x000000000000029e        0x4 Keyboard.o
                0x000000000000029e                EVENT_USB_Device_Disconnect
 .text.EVENT_USB_Device_ConfigurationChanged
                0x00000000000002a2       0x1c Keyboard.o
                0x00000000000002a2                EVENT_USB_Device_ConfigurationChanged
 .text.EVENT_USB_Device_ControlRequest
                0x00000000000002be        0x6 Keyboard.o
                0x00000000000002be                EVENT_USB_Device_ControlRequest
 .text.EVENT_USB_Device_StartOfFrame
                0x00000000000002c4       0x18 Keyboard.o
                0x00000000000002c4                EVENT_USB_Device_StartOfFrame
 .text.CALLBACK_HID_Device_CreateHIDReport
                0x00000000000002dc       0xd6 Keyboard.o
                0x00000000000002dc                CALLBACK_HID_Device_CreateHIDReport
 .text.CALLBACK_HID_Device_ProcessHIDReport
                0x00000000000003b2        0x2 Keyboard.o
                0x00000000000003b2                CALLBACK_HID_Device_ProcessHIDReport
 .text.CALLBACK_USB_GetDescriptor
                0x00000000000003b4       0x86 Descriptors.o
                0x00000000000003b4                CALLBACK_USB_GetDescriptor
 .text.Endpoint_Write_Stream_LE
                0x000000000000043a       0x90 ../../LUFA/LUFA/Drivers/USB/Core/AVR8/EndpointStream_AVR8.o
                0x000000000000043a                Endpoint_Write_Stream_LE
 .text.Endpoint_Write_Control_Stream_LE
                0x00000000000004ca       0xb2 ../../LUFA/LUFA/Drivers/USB/Core/AVR8/EndpointStream_AVR8.o
                0x00000000000004ca                Endpoint_Write_Control_Stream_LE
 .text.Endpoint_Read_Control_Stream_LE
                0x000000000000057c       0x7c ../../LUFA/LUFA/Drivers/USB/Core/AVR8/EndpointStream_AVR8.o
                0x000000000000057c                Endpoint_Read_Control_Stream_LE
 .text.Endpoint_Write_Control_PStream_LE
                0x00000000000005f8       0xb8 ../../LUFA/LUFA/Drivers/USB/Core/AVR8/EndpointStream_AVR8.o
                0x00000000000005f8                Endpoint_Write_Control_PStream_LE
 .text.Endpoint_ConfigureEndpoint_Prv
                0x00000000000006b0       0x6a ../../LUFA/LUFA/Drivers/USB/Core/AVR8/Endpoint_AVR8.o
                0x00000000000006b0                Endpoint_ConfigureEndpoint_Prv
 .text.Endpoint_ConfigureEndpointTable
                0x000000000000071a       0x7a ../../LUFA/LUFA/Drivers/USB/Core/AVR8/Endpoint_AVR8.o
                0x000000000000071a                Endpoint_ConfigureEndpointTable
 .text.Endpoint_ClearStatusStage
                0x0000000000000794       0x42 ../../LUFA/LUFA/Drivers/USB/Core/AVR8/Endpoint_AVR8.o
                0x0000000000000794                Endpoint_ClearStatusStage
 .text.Endpoint_WaitUntilReady
                0x00000000000007d6       0x60 ../../LUFA/LUFA/Drivers/USB/Core/AVR8/Endpoint_AVR8.o
                0x00000000000007d6                Endpoint_WaitUntilReady
 .text.USB_ResetInterface
                0x0000000000000836       0x8a ../../LUFA/LUFA/Drivers/USB/Core/AVR8/USBController_AVR8.o
                0x0000000000000836                USB_ResetInterface
 .text.USB_Init
                0x00000000000008c0       0x1c ../../LUFA/LUFA/Drivers/USB/Core/AVR8/USBController_AVR8.o
                0x00000000000008c0                USB_Init
 .text.USB_INT_DisableAllInterrupts
                0x00000000000008dc       0x10 ../../LUFA/LUFA/Drivers/USB/Core/AVR8/USBInterrupt_AVR8.o
                0x00000000000008dc                USB_INT_DisableAllInterrupts
 .text.USB_INT_ClearAllInterrupts
                0x00000000000008ec        0xa ../../LUFA/LUFA/Drivers/USB/Core/AVR8/USBInterrupt_AVR8.o
                0x00000000000008ec                USB_INT_ClearAllInterrupts
 .text.__vector_10
                0x00000000000008f6      0x194 ../../LUFA/LUFA/Drivers/USB/Core/AVR8/USBInterrupt_AVR8.o
                0x00000000000008f6                __vector_10
 .text.USB_Device_ProcessControlRequest
                0x0000000000000a8a      0x28a ../../LUFA/LUFA/Drivers/USB/Core/DeviceStandardReq.o
                0x0000000000000a8a                USB_Device_ProcessControlRequest
 .text.USB_Event_Stub
                0x0000000000000d14        0x2 ../../LUFA/LUFA/Drivers/USB/Core/Events.o
                0x0000000000000d14                EVENT_USB_Device_WakeUp
                0x0000000000000d14                USB_Event_Stub
                0x0000000000000d14                EVENT_USB_Device_Suspend
                0x0000000000000d14                EVENT_USB_Device_Reset
 .text.USB_USBTask
                0x0000000000000d16       0x38 ../../LUFA/LUFA/Drivers/USB/Core/USBTask.o
                0x0000000000000d16                USB_USBTask
 .text.HID_Device_ProcessControlRequest
                0x0000000000000d4e      0x25c ../../LUFA/LUFA/Drivers/USB/Class/Device/HIDClassDevice.o
                0x0000000000000d4e                HID_Device_ProcessControlRequest
 .text.HID_Device_ConfigureEndpoints
                0x0000000000000faa       0x26 ../../LUFA/LUFA/Drivers/USB/Class/Device/HIDClassDevice.o
                0x0000000000000faa                HID_Device_ConfigureEndpoints
 .text.HID_Device_USBTask
                0x0000000000000fd0      0x17a ../../LUFA/LUFA/Drivers/USB/Class/Device/HIDClassDevice.o
                0x0000000000000fd0                HID_Device_USBTask
 .text.libgcc   0x000000000000114a        0xc /usr/lib/gcc/avr/4.8.2/avr51/libgcc.a(_tablejump.o)
                0x000000000000114a                __tablejump2__
                0x000000000000114e                __tablejump__
 .text.avr-libc
                0x0000000000001156       0x1a /usr/lib/gcc/avr/4.8.2/../../../avr/lib/avr51/libc.a(memcmp.o)
                0x0000000000001156                memcmp
 .text.avr-libc
                0x0000000000001170       0x12 /usr/lib/gcc/avr/4.8.2/../../../avr/lib/avr51/libc.a(memcpy.o)
                0x0000000000001170                memcpy
 .text.avr-libc
                0x0000000000001182        0xe /usr/lib/gcc/avr/4.8.2/../../../avr/lib/avr51/libc.a(memset.o)
                0x0000000000001182                memset
                0x0000000000001190                . = ALIGN (0x2)
 *(.fini9)
 .fini9         0x0000000000001190        0x0 /usr/lib/gcc/avr/4.8.2/avr51/libgcc.a(_exit.o)
                0x0000000000001190                exit
                0x0000000000001190                _exit
 *(.fini9)
 *(.fini8)
 *(.fini8)
 *(.fini7)
 *(.fini7)
 *(.fini6)
 *(.fini6)
 *(.fini5)
 *(.fini5)
 *(.fini4)
 *(.fini4)
 *(.fini3)
 *(.fini3)
 *(.fini2)
 *(.fini2)
 *(.fini1)
 *(.fini1)
 *(.fini0)
 .fini0         0x0000000000001190        0x4 /usr/lib/gcc/avr/4.8.2/avr51/libgcc.a(_exit.o)
 *(.fini0)
                0x0000000000001194                _etext = .

.data           0x0000000000800100       0x62 load address 0x0000000000001194
                0x0000000000800100                PROVIDE (__data_start, .)
 *(.data)
 .data          0x0000000000800100        0x0 /usr/lib/gcc/avr/4.8.2/../../../avr/lib/avr51/crtusb1286.o
 .data          0x0000000000800100       0x61 Keyboard.o
                0x0000000000800101                hidmap
                0x0000000000800151                Keyboard_HID_Interface
 .data          0x0000000000800161        0x0 Descriptors.o
 .data          0x0000000000800161        0x0 ../../LUFA/LUFA/Drivers/USB/Class/Common/HIDParser.o
 .data          0x0000000000800161        0x0 ../../LUFA/LUFA/Drivers/USB/Core/AVR8/Device_AVR8.o
 .data          0x0000000000800161        0x0 ../../LUFA/LUFA/Drivers/USB/Core/AVR8/EndpointStream_AVR8.o
 .data          0x0000000000800161        0x0 ../../LUFA/LUFA/Drivers/USB/Core/AVR8/Endpoint_AVR8.o
 .data          0x0000000000800161        0x0 ../../LUFA/LUFA/Drivers/USB/Core/AVR8/Host_AVR8.o
 .data          0x0000000000800161        0x0 ../../LUFA/LUFA/Drivers/USB/Core/AVR8/PipeStream_AVR8.o
 .data          0x0000000000800161        0x0 ../../LUFA/LUFA/Drivers/USB/Core/AVR8/Pipe_AVR8.o
 .data          0x0000000000800161        0x0 ../../LUFA/LUFA/Drivers/USB/Core/AVR8/USBController_AVR8.o
 .data          0x0000000000800161        0x0 ../../LUFA/LUFA/Drivers/USB/Core/AVR8/USBInterrupt_AVR8.o
 .data          0x0000000000800161        0x0 ../../LUFA/LUFA/Drivers/USB/Core/ConfigDescriptors.o
 .data          0x0000000000800161        0x0 ../../LUFA/LUFA/Drivers/USB/Core/DeviceStandardReq.o
 .data          0x0000000000800161        0x0 ../../LUFA/LUFA/Drivers/USB/Core/Events.o
 .data          0x0000000000800161        0x0 ../../LUFA/LUFA/Drivers/USB/Core/HostStandardReq.o
 .data          0x0000000000800161        0x0 ../../LUFA/LUFA/Drivers/USB/Core/USBTask.o
 .data          0x0000000000800161        0x0 ../../LUFA/LUFA/Drivers/USB/Class/Device/AudioClassDevice.o
 .data          0x0000000000800161        0x0 ../../LUFA/LUFA/Drivers/USB/Class/Device/CDCClassDevice.o
 .data          0x0000000000800161        0x0 ../../LUFA/LUFA/Drivers/USB/Class/Device/HIDClassDevice.o
 .data          0x0000000000800161        0x0 ../../LUFA/LUFA/Drivers/USB/Class/Device/MassStorageClassDevice.o
 .data          0x0000000000800161        0x0 ../../LUFA/LUFA/Drivers/USB/Class/Device/MIDIClassDevice.o
 .data          0x0000000000800161        0x0 ../../LUFA/LUFA/Drivers/USB/Class/Device/PrinterClassDevice.o
 .data          0x0000000000800161        0x0 ../../LUFA/LUFA/Drivers/USB/Class/Device/RNDISClassDevice.o
 .data          0x0000000000800161        0x0 ../../LUFA/LUFA/Drivers/USB/Class/Host/AndroidAccessoryClassHost.o
 .data          0x0000000000800161        0x0 ../../LUFA/LUFA/Drivers/USB/Class/Host/AudioClassHost.o
 .data          0x0000000000800161        0x0 ../../LUFA/LUFA/Drivers/USB/Class/Host/CDCClassHost.o
 .data          0x0000000000800161        0x0 ../../LUFA/LUFA/Drivers/USB/Class/Host/HIDClassHost.o
 .data          0x0000000000800161        0x0 ../../LUFA/LUFA/Drivers/USB/Class/Host/MassStorageClassHost.o
 .data          0x0000000000800161        0x0 ../../LUFA/LUFA/Drivers/USB/Class/Host/MIDIClassHost.o
 .data          0x0000000000800161        0x0 ../../LUFA/LUFA/Drivers/USB/Class/Host/PrinterClassHost.o
 .data          0x0000000000800161        0x0 ../../LUFA/LUFA/Drivers/USB/Class/Host/RNDISClassHost.o
 .data          0x0000000000800161        0x0 ../../LUFA/LUFA/Drivers/USB/Class/Host/StillImageClassHost.o
 .data          0x0000000000800161        0x0 /usr/lib/gcc/avr/4.8.2/avr51/libgcc.a(_exit.o)
 .data          0x0000000000800161        0x0 /usr/lib/gcc/avr/4.8.2/avr51/libgcc.a(_tablejump.o)
 .data          0x0000000000800161        0x0 /usr/lib/gcc/avr/4.8.2/avr51/libgcc.a(_copy_data.o)
 .data          0x0000000000800161        0x0 /usr/lib/gcc/avr/4.8.2/avr51/libgcc.a(_clear_bss.o)
 .data          0x0000000000800161        0x0 /usr/lib/gcc/avr/4.8.2/../../../avr/lib/avr51/libc.a(memcpy_P.o)
 .data          0x0000000000800161        0x0 /usr/lib/gcc/avr/4.8.2/../../../avr/lib/avr51/libc.a(memcmp.o)
 .data          0x0000000000800161        0x0 /usr/lib/gcc/avr/4.8.2/../../../avr/lib/avr51/libc.a(memcpy.o)
 .data          0x0000000000800161        0x0 /usr/lib/gcc/avr/4.8.2/../../../avr/lib/avr51/libc.a(memset.o)
 .data          0x0000000000800161        0x0 /usr/lib/gcc/avr/4.8.2/../../../avr/lib/avr51/libc.a(eerd_byte_at90usb1286.o)
 .data          0x0000000000800161        0x0 /usr/lib/gcc/avr/4.8.2/../../../avr/lib/avr51/libc.a(eeupd_byte_at90usb1286.o)
 *(.data*)
 *(.rodata)
 *(.rodata*)
 *(.gnu.linkonce.d*)
                0x0000000000800162                . = ALIGN (0x2)
 *fill*         0x0000000000800161        0x1 
                0x0000000000800162                _edata = .
                0x0000000000800162                PROVIDE (__data_end, .)

.bss            0x0000000000800162       0x67
                0x0000000000800162                PROVIDE (__bss_start, .)
 *(.bss)
 .bss           0x0000000000800162        0xa Keyboard.o
                0x0000000000800162                pc
                0x0000000000800163                pb
 *(.bss*)
 *(COMMON)
 COMMON         0x000000000080016c       0x50 Keyboard.o
                0x000000000080016c                prev
 COMMON         0x00000000008001bc        0x3 ../../LUFA/LUFA/Drivers/USB/Core/DeviceStandardReq.o
                0x00000000008001bc                USB_Device_ConfigurationNumber
                0x00000000008001bd                USB_Device_CurrentlySelfPowered
                0x00000000008001be                USB_Device_RemoteWakeupEnabled
 COMMON         0x00000000008001bf        0xa ../../LUFA/LUFA/Drivers/USB/Core/USBTask.o
                0x00000000008001bf                USB_IsInitialized
                0x00000000008001c0                USB_DeviceState
                0x00000000008001c1                USB_ControlRequest
                0x00000000008001c9                PROVIDE (__bss_end, .)
                0x0000000000001194                __data_load_start = LOADADDR (.data)
                0x00000000000011f6                __data_load_end = (__data_load_start + SIZEOF (.data))

.noinit         0x00000000008001c9        0x0
                0x00000000008001c9                PROVIDE (__noinit_start, .)
 *(.noinit*)
                0x00000000008001c9                PROVIDE (__noinit_end, .)
                0x00000000008001c9                _end = .
                0x00000000008001c9                PROVIDE (__heap_start, .)

.eeprom         0x0000000000810000        0x0
 *(.eeprom*)
                0x0000000000810000                __eeprom_end = .

.fuse
 *(.fuse)
 *(.lfuse)
 *(.hfuse)
 *(.efuse)

.lock
 *(.lock*)

.signature
 *(.signature*)

.user_signatures
 *(.user_signatures*)

.stab           0x0000000000000000      0xa98
 *(.stab)
 .stab          0x0000000000000000      0x6cc /usr/lib/gcc/avr/4.8.2/../../../avr/lib/avr51/crtusb1286.o
 .stab          0x00000000000006cc       0x84 /usr/lib/gcc/avr/4.8.2/../../../avr/lib/avr51/libc.a(memcpy_P.o)
                                         0x90 (size before relaxing)
 .stab          0x0000000000000750       0xb4 /usr/lib/gcc/avr/4.8.2/../../../avr/lib/avr51/libc.a(memcmp.o)
                                         0xc0 (size before relaxing)
 .stab          0x0000000000000804       0x84 /usr/lib/gcc/avr/4.8.2/../../../avr/lib/avr51/libc.a(memcpy.o)
                                         0x90 (size before relaxing)
 .stab          0x0000000000000888       0x6c /usr/lib/gcc/avr/4.8.2/../../../avr/lib/avr51/libc.a(memset.o)
                                         0x78 (size before relaxing)
 .stab          0x00000000000008f4       0x90 /usr/lib/gcc/avr/4.8.2/../../../avr/lib/avr51/libc.a(eerd_byte_at90usb1286.o)
                                         0x9c (size before relaxing)
 .stab          0x0000000000000984      0x114 /usr/lib/gcc/avr/4.8.2/../../../avr/lib/avr51/libc.a(eeupd_byte_at90usb1286.o)
                                        0x120 (size before relaxing)

.stabstr        0x0000000000000000      0x16f
 *(.stabstr)
 .stabstr       0x0000000000000000      0x16f /usr/lib/gcc/avr/4.8.2/../../../avr/lib/avr51/crtusb1286.o

.stab.excl
 *(.stab.excl)

.stab.exclstr
 *(.stab.exclstr)

.stab.index
 *(.stab.index)

.stab.indexstr
 *(.stab.indexstr)

.comment        0x0000000000000000       0x11
 *(.comment)
 .comment       0x0000000000000000       0x11 Keyboard.o
                                         0x12 (size before relaxing)
 .comment       0x0000000000000000       0x12 Descriptors.o
 .comment       0x0000000000000000       0x12 ../../LUFA/LUFA/Drivers/USB/Class/Common/HIDParser.o
 .comment       0x0000000000000000       0x12 ../../LUFA/LUFA/Drivers/USB/Core/AVR8/Device_AVR8.o
 .comment       0x0000000000000000       0x12 ../../LUFA/LUFA/Drivers/USB/Core/AVR8/EndpointStream_AVR8.o
 .comment       0x0000000000000000       0x12 ../../LUFA/LUFA/Drivers/USB/Core/AVR8/Endpoint_AVR8.o
 .comment       0x0000000000000000       0x12 ../../LUFA/LUFA/Drivers/USB/Core/AVR8/Host_AVR8.o
 .comment       0x0000000000000000       0x12 ../../LUFA/LUFA/Drivers/USB/Core/AVR8/PipeStream_AVR8.o
 .comment       0x0000000000000000       0x12 ../../LUFA/LUFA/Drivers/USB/Core/AVR8/Pipe_AVR8.o
 .comment       0x0000000000000000       0x12 ../../LUFA/LUFA/Drivers/USB/Core/AVR8/USBController_AVR8.o
 .comment       0x0000000000000000       0x12 ../../LUFA/LUFA/Drivers/USB/Core/AVR8/USBInterrupt_AVR8.o
 .comment       0x0000000000000000       0x12 ../../LUFA/LUFA/Drivers/USB/Core/ConfigDescriptors.o
 .comment       0x0000000000000000       0x12 ../../LUFA/LUFA/Drivers/USB/Core/DeviceStandardReq.o
 .comment       0x0000000000000000       0x12 ../../LUFA/LUFA/Drivers/USB/Core/Events.o
 .comment       0x0000000000000000       0x12 ../../LUFA/LUFA/Drivers/USB/Core/HostStandardReq.o
 .comment       0x0000000000000000       0x12 ../../LUFA/LUFA/Drivers/USB/Core/USBTask.o
 .comment       0x0000000000000000       0x12 ../../LUFA/LUFA/Drivers/USB/Class/Device/AudioClassDevice.o
 .comment       0x0000000000000000       0x12 ../../LUFA/LUFA/Drivers/USB/Class/Device/CDCClassDevice.o
 .comment       0x0000000000000000       0x12 ../../LUFA/LUFA/Drivers/USB/Class/Device/HIDClassDevice.o
 .comment       0x0000000000000000       0x12 ../../LUFA/LUFA/Drivers/USB/Class/Device/MassStorageClassDevice.o
 .comment       0x0000000000000000       0x12 ../../LUFA/LUFA/Drivers/USB/Class/Device/MIDIClassDevice.o
 .comment       0x0000000000000000       0x12 ../../LUFA/LUFA/Drivers/USB/Class/Device/PrinterClassDevice.o
 .comment       0x0000000000000000       0x12 ../../LUFA/LUFA/Drivers/USB/Class/Device/RNDISClassDevice.o
 .comment       0x0000000000000000       0x12 ../../LUFA/LUFA/Drivers/USB/Class/Host/AndroidAccessoryClassHost.o
 .comment       0x0000000000000000       0x12 ../../LUFA/LUFA/Drivers/USB/Class/Host/AudioClassHost.o
 .comment       0x0000000000000000       0x12 ../../LUFA/LUFA/Drivers/USB/Class/Host/CDCClassHost.o
 .comment       0x0000000000000000       0x12 ../../LUFA/LUFA/Drivers/USB/Class/Host/HIDClassHost.o
 .comment       0x0000000000000000       0x12 ../../LUFA/LUFA/Drivers/USB/Class/Host/MassStorageClassHost.o
 .comment       0x0000000000000000       0x12 ../../LUFA/LUFA/Drivers/USB/Class/Host/MIDIClassHost.o
 .comment       0x0000000000000000       0x12 ../../LUFA/LUFA/Drivers/USB/Class/Host/PrinterClassHost.o
 .comment       0x0000000000000000       0x12 ../../LUFA/LUFA/Drivers/USB/Class/Host/RNDISClassHost.o
 .comment       0x0000000000000000       0x12 ../../LUFA/LUFA/Drivers/USB/Class/Host/StillImageClassHost.o

.debug
 *(.debug)

.line
 *(.line)

.debug_srcinfo
 *(.debug_srcinfo)

.debug_sfnames
 *(.debug_sfnames)

.debug_aranges  0x0000000000000000      0x668
 *(.debug_aranges)
 .debug_aranges
                0x0000000000000000       0x70 Keyboard.o
 .debug_aranges
                0x0000000000000070       0x20 Descriptors.o
 .debug_aranges
                0x0000000000000090       0x38 ../../LUFA/LUFA/Drivers/USB/Class/Common/HIDParser.o
 .debug_aranges
                0x00000000000000c8       0x20 ../../LUFA/LUFA/Drivers/USB/Core/AVR8/Device_AVR8.o
 .debug_aranges
                0x00000000000000e8       0xc8 ../../LUFA/LUFA/Drivers/USB/Core/AVR8/EndpointStream_AVR8.o
 .debug_aranges
                0x00000000000001b0       0x40 ../../LUFA/LUFA/Drivers/USB/Core/AVR8/Endpoint_AVR8.o
 .debug_aranges
                0x00000000000001f0       0x18 ../../LUFA/LUFA/Drivers/USB/Core/AVR8/Host_AVR8.o
 .debug_aranges
                0x0000000000000208       0x18 ../../LUFA/LUFA/Drivers/USB/Core/AVR8/PipeStream_AVR8.o
 .debug_aranges
                0x0000000000000220       0x18 ../../LUFA/LUFA/Drivers/USB/Core/AVR8/Pipe_AVR8.o
 .debug_aranges
                0x0000000000000238       0x30 ../../LUFA/LUFA/Drivers/USB/Core/AVR8/USBController_AVR8.o
 .debug_aranges
                0x0000000000000268       0x30 ../../LUFA/LUFA/Drivers/USB/Core/AVR8/USBInterrupt_AVR8.o
 .debug_aranges
                0x0000000000000298       0x40 ../../LUFA/LUFA/Drivers/USB/Core/ConfigDescriptors.o
 .debug_aranges
                0x00000000000002d8       0x20 ../../LUFA/LUFA/Drivers/USB/Core/DeviceStandardReq.o
 .debug_aranges
                0x00000000000002f8       0x20 ../../LUFA/LUFA/Drivers/USB/Core/Events.o
 .debug_aranges
                0x0000000000000318       0x18 ../../LUFA/LUFA/Drivers/USB/Core/HostStandardReq.o
 .debug_aranges
                0x0000000000000330       0x20 ../../LUFA/LUFA/Drivers/USB/Core/USBTask.o
 .debug_aranges
                0x0000000000000350       0x30 ../../LUFA/LUFA/Drivers/USB/Class/Device/AudioClassDevice.o
 .debug_aranges
                0x0000000000000380       0x98 ../../LUFA/LUFA/Drivers/USB/Class/Device/CDCClassDevice.o
 .debug_aranges
                0x0000000000000418       0x30 ../../LUFA/LUFA/Drivers/USB/Class/Device/HIDClassDevice.o
 .debug_aranges
                0x0000000000000448       0x30 ../../LUFA/LUFA/Drivers/USB/Class/Device/MassStorageClassDevice.o
 .debug_aranges
                0x0000000000000478       0x40 ../../LUFA/LUFA/Drivers/USB/Class/Device/MIDIClassDevice.o
 .debug_aranges
                0x00000000000004b8       0x90 ../../LUFA/LUFA/Drivers/USB/Class/Device/PrinterClassDevice.o
 .debug_aranges
                0x0000000000000548       0x48 ../../LUFA/LUFA/Drivers/USB/Class/Device/RNDISClassDevice.o
 .debug_aranges
                0x0000000000000590       0x18 ../../LUFA/LUFA/Drivers/USB/Class/Host/AndroidAccessoryClassHost.o
 .debug_aranges
                0x00000000000005a8       0x18 ../../LUFA/LUFA/Drivers/USB/Class/Host/AudioClassHost.o
 .debug_aranges
                0x00000000000005c0       0x18 ../../LUFA/LUFA/Drivers/USB/Class/Host/CDCClassHost.o
 .debug_aranges
                0x00000000000005d8       0x18 ../../LUFA/LUFA/Drivers/USB/Class/Host/HIDClassHost.o
 .debug_aranges
                0x00000000000005f0       0x18 ../../LUFA/LUFA/Drivers/USB/Class/Host/MassStorageClassHost.o
 .debug_aranges
                0x0000000000000608       0x18 ../../LUFA/LUFA/Drivers/USB/Class/Host/MIDIClassHost.o
 .debug_aranges
                0x0000000000000620       0x18 ../../LUFA/LUFA/Drivers/USB/Class/Host/PrinterClassHost.o
 .debug_aranges
                0x0000000000000638       0x18 ../../LUFA/LUFA/Drivers/USB/Class/Host/RNDISClassHost.o
 .debug_aranges
                0x0000000000000650       0x18 ../../LUFA/LUFA/Drivers/USB/Class/Host/StillImageClassHost.o

.debug_pubnames
 *(.debug_pubnames)

.debug_info     0x0000000000000000     0xa55a
 *(.debug_info)
 .debug_info    0x0000000000000000      0x888 Keyboard.o
 .debug_info    0x0000000000000888      0x6e6 Descriptors.o
 .debug_info    0x0000000000000f6e      0x73e ../../LUFA/LUFA/Drivers/USB/Class/Common/HIDParser.o
 .debug_info    0x00000000000016ac       0xd2 ../../LUFA/LUFA/Drivers/USB/Core/AVR8/Device_AVR8.o
 .debug_info    0x000000000000177e     0x17be ../../LUFA/LUFA/Drivers/USB/Core/AVR8/EndpointStream_AVR8.o
 .debug_info    0x0000000000002f3c      0x614 ../../LUFA/LUFA/Drivers/USB/Core/AVR8/Endpoint_AVR8.o
 .debug_info    0x0000000000003550       0x56 ../../LUFA/LUFA/Drivers/USB/Core/AVR8/Host_AVR8.o
 .debug_info    0x00000000000035a6       0x56 ../../LUFA/LUFA/Drivers/USB/Core/AVR8/PipeStream_AVR8.o
 .debug_info    0x00000000000035fc       0x56 ../../LUFA/LUFA/Drivers/USB/Core/AVR8/Pipe_AVR8.o
 .debug_info    0x0000000000003652      0x4cb ../../LUFA/LUFA/Drivers/USB/Core/AVR8/USBController_AVR8.o
 .debug_info    0x0000000000003b1d      0x673 ../../LUFA/LUFA/Drivers/USB/Core/AVR8/USBInterrupt_AVR8.o
 .debug_info    0x0000000000004190      0x3cd ../../LUFA/LUFA/Drivers/USB/Core/ConfigDescriptors.o
 .debug_info    0x000000000000455d      0xa57 ../../LUFA/LUFA/Drivers/USB/Core/DeviceStandardReq.o
 .debug_info    0x0000000000004fb4       0x78 ../../LUFA/LUFA/Drivers/USB/Core/Events.o
 .debug_info    0x000000000000502c       0x56 ../../LUFA/LUFA/Drivers/USB/Core/HostStandardReq.o
 .debug_info    0x0000000000005082      0x26b ../../LUFA/LUFA/Drivers/USB/Core/USBTask.o
 .debug_info    0x00000000000052ed      0x8fc ../../LUFA/LUFA/Drivers/USB/Class/Device/AudioClassDevice.o
 .debug_info    0x0000000000005be9      0xe7e ../../LUFA/LUFA/Drivers/USB/Class/Device/CDCClassDevice.o
 .debug_info    0x0000000000006a67      0x9ea ../../LUFA/LUFA/Drivers/USB/Class/Device/HIDClassDevice.o
 .debug_info    0x0000000000007451      0x977 ../../LUFA/LUFA/Drivers/USB/Class/Device/MassStorageClassDevice.o
 .debug_info    0x0000000000007dc8      0x62f ../../LUFA/LUFA/Drivers/USB/Class/Device/MIDIClassDevice.o
 .debug_info    0x00000000000083f7      0xce5 ../../LUFA/LUFA/Drivers/USB/Class/Device/PrinterClassDevice.o
 .debug_info    0x00000000000090dc     0x1178 ../../LUFA/LUFA/Drivers/USB/Class/Device/RNDISClassDevice.o
 .debug_info    0x000000000000a254       0x56 ../../LUFA/LUFA/Drivers/USB/Class/Host/AndroidAccessoryClassHost.o
 .debug_info    0x000000000000a2aa       0x56 ../../LUFA/LUFA/Drivers/USB/Class/Host/AudioClassHost.o
 .debug_info    0x000000000000a300       0x56 ../../LUFA/LUFA/Drivers/USB/Class/Host/CDCClassHost.o
 .debug_info    0x000000000000a356       0x56 ../../LUFA/LUFA/Drivers/USB/Class/Host/HIDClassHost.o
 .debug_info    0x000000000000a3ac       0x56 ../../LUFA/LUFA/Drivers/USB/Class/Host/MassStorageClassHost.o
 .debug_info    0x000000000000a402       0x56 ../../LUFA/LUFA/Drivers/USB/Class/Host/MIDIClassHost.o
 .debug_info    0x000000000000a458       0x56 ../../LUFA/LUFA/Drivers/USB/Class/Host/PrinterClassHost.o
 .debug_info    0x000000000000a4ae       0x56 ../../LUFA/LUFA/Drivers/USB/Class/Host/RNDISClassHost.o
 .debug_info    0x000000000000a504       0x56 ../../LUFA/LUFA/Drivers/USB/Class/Host/StillImageClassHost.o
 *(.gnu.linkonce.wi.*)

.debug_abbrev   0x0000000000000000     0x2b72
 *(.debug_abbrev)
 .debug_abbrev  0x0000000000000000      0x386 Keyboard.o
 .debug_abbrev  0x0000000000000386      0x166 Descriptors.o
 .debug_abbrev  0x00000000000004ec      0x21e ../../LUFA/LUFA/Drivers/USB/Class/Common/HIDParser.o
 .debug_abbrev  0x000000000000070a       0x80 ../../LUFA/LUFA/Drivers/USB/Core/AVR8/Device_AVR8.o
 .debug_abbrev  0x000000000000078a      0x224 ../../LUFA/LUFA/Drivers/USB/Core/AVR8/EndpointStream_AVR8.o
 .debug_abbrev  0x00000000000009ae      0x222 ../../LUFA/LUFA/Drivers/USB/Core/AVR8/Endpoint_AVR8.o
 .debug_abbrev  0x0000000000000bd0       0x26 ../../LUFA/LUFA/Drivers/USB/Core/AVR8/Host_AVR8.o
 .debug_abbrev  0x0000000000000bf6       0x26 ../../LUFA/LUFA/Drivers/USB/Core/AVR8/PipeStream_AVR8.o
 .debug_abbrev  0x0000000000000c1c       0x26 ../../LUFA/LUFA/Drivers/USB/Core/AVR8/Pipe_AVR8.o
 .debug_abbrev  0x0000000000000c42      0x196 ../../LUFA/LUFA/Drivers/USB/Core/AVR8/USBController_AVR8.o
 .debug_abbrev  0x0000000000000dd8      0x1d5 ../../LUFA/LUFA/Drivers/USB/Core/AVR8/USBInterrupt_AVR8.o
 .debug_abbrev  0x0000000000000fad      0x183 ../../LUFA/LUFA/Drivers/USB/Core/ConfigDescriptors.o
 .debug_abbrev  0x0000000000001130      0x2d8 ../../LUFA/LUFA/Drivers/USB/Core/DeviceStandardReq.o
 .debug_abbrev  0x0000000000001408       0x44 ../../LUFA/LUFA/Drivers/USB/Core/Events.o
 .debug_abbrev  0x000000000000144c       0x26 ../../LUFA/LUFA/Drivers/USB/Core/HostStandardReq.o
 .debug_abbrev  0x0000000000001472      0x168 ../../LUFA/LUFA/Drivers/USB/Core/USBTask.o
 .debug_abbrev  0x00000000000015da      0x20c ../../LUFA/LUFA/Drivers/USB/Class/Device/AudioClassDevice.o
 .debug_abbrev  0x00000000000017e6      0x41d ../../LUFA/LUFA/Drivers/USB/Class/Device/CDCClassDevice.o
 .debug_abbrev  0x0000000000001c03      0x26b ../../LUFA/LUFA/Drivers/USB/Class/Device/HIDClassDevice.o
 .debug_abbrev  0x0000000000001e6e      0x2b9 ../../LUFA/LUFA/Drivers/USB/Class/Device/MassStorageClassDevice.o
 .debug_abbrev  0x0000000000002127      0x243 ../../LUFA/LUFA/Drivers/USB/Class/Device/MIDIClassDevice.o
 .debug_abbrev  0x000000000000236a      0x343 ../../LUFA/LUFA/Drivers/USB/Class/Device/PrinterClassDevice.o
 .debug_abbrev  0x00000000000026ad      0x36f ../../LUFA/LUFA/Drivers/USB/Class/Device/RNDISClassDevice.o
 .debug_abbrev  0x0000000000002a1c       0x26 ../../LUFA/LUFA/Drivers/USB/Class/Host/AndroidAccessoryClassHost.o
 .debug_abbrev  0x0000000000002a42       0x26 ../../LUFA/LUFA/Drivers/USB/Class/Host/AudioClassHost.o
 .debug_abbrev  0x0000000000002a68       0x26 ../../LUFA/LUFA/Drivers/USB/Class/Host/CDCClassHost.o
 .debug_abbrev  0x0000000000002a8e       0x26 ../../LUFA/LUFA/Drivers/USB/Class/Host/HIDClassHost.o
 .debug_abbrev  0x0000000000002ab4       0x26 ../../LUFA/LUFA/Drivers/USB/Class/Host/MassStorageClassHost.o
 .debug_abbrev  0x0000000000002ada       0x26 ../../LUFA/LUFA/Drivers/USB/Class/Host/MIDIClassHost.o
 .debug_abbrev  0x0000000000002b00       0x26 ../../LUFA/LUFA/Drivers/USB/Class/Host/PrinterClassHost.o
 .debug_abbrev  0x0000000000002b26       0x26 ../../LUFA/LUFA/Drivers/USB/Class/Host/RNDISClassHost.o
 .debug_abbrev  0x0000000000002b4c       0x26 ../../LUFA/LUFA/Drivers/USB/Class/Host/StillImageClassHost.o

.debug_line     0x0000000000000000     0x3fd6
 *(.debug_line)
 .debug_line    0x0000000000000000      0x43a Keyboard.o
 .debug_line    0x000000000000043a      0x184 Descriptors.o
 .debug_line    0x00000000000005be      0x228 ../../LUFA/LUFA/Drivers/USB/Class/Common/HIDParser.o
 .debug_line    0x00000000000007e6       0xf2 ../../LUFA/LUFA/Drivers/USB/Core/AVR8/Device_AVR8.o
 .debug_line    0x00000000000008d8      0xb9b ../../LUFA/LUFA/Drivers/USB/Core/AVR8/EndpointStream_AVR8.o
 .debug_line    0x0000000000001473      0x345 ../../LUFA/LUFA/Drivers/USB/Core/AVR8/Endpoint_AVR8.o
 .debug_line    0x00000000000017b8       0x1a ../../LUFA/LUFA/Drivers/USB/Core/AVR8/Host_AVR8.o
 .debug_line    0x00000000000017d2       0x1a ../../LUFA/LUFA/Drivers/USB/Core/AVR8/PipeStream_AVR8.o
 .debug_line    0x00000000000017ec       0x1a ../../LUFA/LUFA/Drivers/USB/Core/AVR8/Pipe_AVR8.o
 .debug_line    0x0000000000001806      0x271 ../../LUFA/LUFA/Drivers/USB/Core/AVR8/USBController_AVR8.o
 .debug_line    0x0000000000001a77      0x37e ../../LUFA/LUFA/Drivers/USB/Core/AVR8/USBInterrupt_AVR8.o
 .debug_line    0x0000000000001df5      0x149 ../../LUFA/LUFA/Drivers/USB/Core/ConfigDescriptors.o
 .debug_line    0x0000000000001f3e      0x317 ../../LUFA/LUFA/Drivers/USB/Core/DeviceStandardReq.o
 .debug_line    0x0000000000002255       0x56 ../../LUFA/LUFA/Drivers/USB/Core/Events.o
 .debug_line    0x00000000000022ab       0x1a ../../LUFA/LUFA/Drivers/USB/Core/HostStandardReq.o
 .debug_line    0x00000000000022c5      0x142 ../../LUFA/LUFA/Drivers/USB/Core/USBTask.o
 .debug_line    0x0000000000002407      0x2d5 ../../LUFA/LUFA/Drivers/USB/Class/Device/AudioClassDevice.o
 .debug_line    0x00000000000026dc      0x565 ../../LUFA/LUFA/Drivers/USB/Class/Device/CDCClassDevice.o
 .debug_line    0x0000000000002c41      0x38d ../../LUFA/LUFA/Drivers/USB/Class/Device/HIDClassDevice.o
 .debug_line    0x0000000000002fce      0x350 ../../LUFA/LUFA/Drivers/USB/Class/Device/MassStorageClassDevice.o
 .debug_line    0x000000000000331e      0x2da ../../LUFA/LUFA/Drivers/USB/Class/Device/MIDIClassDevice.o
 .debug_line    0x00000000000035f8      0x4b0 ../../LUFA/LUFA/Drivers/USB/Class/Device/PrinterClassDevice.o
 .debug_line    0x0000000000003aa8      0x444 ../../LUFA/LUFA/Drivers/USB/Class/Device/RNDISClassDevice.o
 .debug_line    0x0000000000003eec       0x1a ../../LUFA/LUFA/Drivers/USB/Class/Host/AndroidAccessoryClassHost.o
 .debug_line    0x0000000000003f06       0x1a ../../LUFA/LUFA/Drivers/USB/Class/Host/AudioClassHost.o
 .debug_line    0x0000000000003f20       0x1a ../../LUFA/LUFA/Drivers/USB/Class/Host/CDCClassHost.o
 .debug_line    0x0000000000003f3a       0x1a ../../LUFA/LUFA/Drivers/USB/Class/Host/HIDClassHost.o
 .debug_line    0x0000000000003f54       0x1a ../../LUFA/LUFA/Drivers/USB/Class/Host/MassStorageClassHost.o
 .debug_line    0x0000000000003f6e       0x1a ../../LUFA/LUFA/Drivers/USB/Class/Host/MIDIClassHost.o
 .debug_line    0x0000000000003f88       0x1a ../../LUFA/LUFA/Drivers/USB/Class/Host/PrinterClassHost.o
 .debug_line    0x0000000000003fa2       0x1a ../../LUFA/LUFA/Drivers/USB/Class/Host/RNDISClassHost.o
 .debug_line    0x0000000000003fbc       0x1a ../../LUFA/LUFA/Drivers/USB/Class/Host/StillImageClassHost.o

.debug_frame    0x0000000000000000      0xf0c
 *(.debug_frame)
 .debug_frame   0x0000000000000000       0xd8 Keyboard.o
 .debug_frame   0x00000000000000d8       0x24 Descriptors.o
 .debug_frame   0x00000000000000fc      0x114 ../../LUFA/LUFA/Drivers/USB/Class/Common/HIDParser.o
 .debug_frame   0x0000000000000210       0x24 ../../LUFA/LUFA/Drivers/USB/Core/AVR8/Device_AVR8.o
 .debug_frame   0x0000000000000234      0x3ac ../../LUFA/LUFA/Drivers/USB/Core/AVR8/EndpointStream_AVR8.o
 .debug_frame   0x00000000000005e0       0x78 ../../LUFA/LUFA/Drivers/USB/Core/AVR8/Endpoint_AVR8.o
 .debug_frame   0x0000000000000658       0x58 ../../LUFA/LUFA/Drivers/USB/Core/AVR8/USBController_AVR8.o
 .debug_frame   0x00000000000006b0       0x8c ../../LUFA/LUFA/Drivers/USB/Core/AVR8/USBInterrupt_AVR8.o
 .debug_frame   0x000000000000073c      0x108 ../../LUFA/LUFA/Drivers/USB/Core/ConfigDescriptors.o
 .debug_frame   0x0000000000000844       0x3c ../../LUFA/LUFA/Drivers/USB/Core/DeviceStandardReq.o
 .debug_frame   0x0000000000000880       0x24 ../../LUFA/LUFA/Drivers/USB/Core/Events.o
 .debug_frame   0x00000000000008a4       0x2c ../../LUFA/LUFA/Drivers/USB/Core/USBTask.o
 .debug_frame   0x00000000000008d0       0xa8 ../../LUFA/LUFA/Drivers/USB/Class/Device/AudioClassDevice.o
 .debug_frame   0x0000000000000978      0x168 ../../LUFA/LUFA/Drivers/USB/Class/Device/CDCClassDevice.o
 .debug_frame   0x0000000000000ae0       0xe4 ../../LUFA/LUFA/Drivers/USB/Class/Device/HIDClassDevice.o
 .debug_frame   0x0000000000000bc4       0x80 ../../LUFA/LUFA/Drivers/USB/Class/Device/MassStorageClassDevice.o
 .debug_frame   0x0000000000000c44       0x70 ../../LUFA/LUFA/Drivers/USB/Class/Device/MIDIClassDevice.o
 .debug_frame   0x0000000000000cb4      0x144 ../../LUFA/LUFA/Drivers/USB/Class/Device/PrinterClassDevice.o
 .debug_frame   0x0000000000000df8      0x114 ../../LUFA/LUFA/Drivers/USB/Class/Device/RNDISClassDevice.o

.debug_str      0x0000000000000000     0x3ca3
 *(.debug_str)
 .debug_str     0x0000000000000000      0x635 Keyboard.o
                                        0x6bd (size before relaxing)
 .debug_str     0x0000000000000635      0x6d7 Descriptors.o
                                        0x917 (size before relaxing)
 .debug_str     0x0000000000000d0c      0x480 ../../LUFA/LUFA/Drivers/USB/Class/Common/HIDParser.o
                                        0x6ac (size before relaxing)
 .debug_str     0x000000000000118c       0x7c ../../LUFA/LUFA/Drivers/USB/Core/AVR8/Device_AVR8.o
                                        0x1e8 (size before relaxing)
 .debug_str     0x0000000000001208      0x687 ../../LUFA/LUFA/Drivers/USB/Core/AVR8/EndpointStream_AVR8.o
                                        0x85b (size before relaxing)
 .debug_str     0x000000000000188f      0x2db ../../LUFA/LUFA/Drivers/USB/Core/AVR8/Endpoint_AVR8.o
                                        0x60a (size before relaxing)
 .debug_str     0x0000000000001b6a       0x32 ../../LUFA/LUFA/Drivers/USB/Core/AVR8/Host_AVR8.o
                                        0x187 (size before relaxing)
 .debug_str     0x0000000000001b9c       0x38 ../../LUFA/LUFA/Drivers/USB/Core/AVR8/PipeStream_AVR8.o
                                        0x18d (size before relaxing)
 .debug_str     0x0000000000001bd4       0x32 ../../LUFA/LUFA/Drivers/USB/Core/AVR8/Pipe_AVR8.o
                                        0x187 (size before relaxing)
 .debug_str     0x0000000000001c06      0x1ff ../../LUFA/LUFA/Drivers/USB/Core/AVR8/USBController_AVR8.o
                                        0x549 (size before relaxing)
 .debug_str     0x0000000000001e05       0xfe ../../LUFA/LUFA/Drivers/USB/Core/AVR8/USBInterrupt_AVR8.o
                                        0x51e (size before relaxing)
 .debug_str     0x0000000000001f03      0x22c ../../LUFA/LUFA/Drivers/USB/Core/ConfigDescriptors.o
                                        0x3d0 (size before relaxing)
 .debug_str     0x000000000000212f      0x427 ../../LUFA/LUFA/Drivers/USB/Core/DeviceStandardReq.o
                                        0x9bc (size before relaxing)
 .debug_str     0x0000000000002556       0x39 ../../LUFA/LUFA/Drivers/USB/Core/Events.o
                                        0x18e (size before relaxing)
 .debug_str     0x000000000000258f       0x33 ../../LUFA/LUFA/Drivers/USB/Core/HostStandardReq.o
                                        0x188 (size before relaxing)
 .debug_str     0x00000000000025c2       0x63 ../../LUFA/LUFA/Drivers/USB/Core/USBTask.o
                                        0x36f (size before relaxing)
 .debug_str     0x0000000000002625      0x2be ../../LUFA/LUFA/Drivers/USB/Class/Device/AudioClassDevice.o
                                        0x6a4 (size before relaxing)
 .debug_str     0x00000000000028e3      0x3b7 ../../LUFA/LUFA/Drivers/USB/Class/Device/CDCClassDevice.o
                                        0x9f9 (size before relaxing)
 .debug_str     0x0000000000002c9a      0x11a ../../LUFA/LUFA/Drivers/USB/Class/Device/HIDClassDevice.o
                                        0x6f6 (size before relaxing)
 .debug_str     0x0000000000002db4      0x269 ../../LUFA/LUFA/Drivers/USB/Class/Device/MassStorageClassDevice.o
                                        0x7fc (size before relaxing)
 .debug_str     0x000000000000301d      0x11d ../../LUFA/LUFA/Drivers/USB/Class/Device/MIDIClassDevice.o
                                        0x665 (size before relaxing)
 .debug_str     0x000000000000313a      0x271 ../../LUFA/LUFA/Drivers/USB/Class/Device/PrinterClassDevice.o
                                        0x92e (size before relaxing)
 .debug_str     0x00000000000033ab      0x6ed ../../LUFA/LUFA/Drivers/USB/Class/Device/RNDISClassDevice.o
                                        0xd57 (size before relaxing)
 .debug_str     0x0000000000003a98       0x43 ../../LUFA/LUFA/Drivers/USB/Class/Host/AndroidAccessoryClassHost.o
                                        0x198 (size before relaxing)
 .debug_str     0x0000000000003adb       0x38 ../../LUFA/LUFA/Drivers/USB/Class/Host/AudioClassHost.o
                                        0x18d (size before relaxing)
 .debug_str     0x0000000000003b13       0x36 ../../LUFA/LUFA/Drivers/USB/Class/Host/CDCClassHost.o
                                        0x18b (size before relaxing)
 .debug_str     0x0000000000003b49       0x36 ../../LUFA/LUFA/Drivers/USB/Class/Host/HIDClassHost.o
                                        0x18b (size before relaxing)
 .debug_str     0x0000000000003b7f       0x3e ../../LUFA/LUFA/Drivers/USB/Class/Host/MassStorageClassHost.o
                                        0x193 (size before relaxing)
 .debug_str     0x0000000000003bbd       0x37 ../../LUFA/LUFA/Drivers/USB/Class/Host/MIDIClassHost.o
                                        0x18c (size before relaxing)
 .debug_str     0x0000000000003bf4       0x3a ../../LUFA/LUFA/Drivers/USB/Class/Host/PrinterClassHost.o
                                        0x18f (size before relaxing)
 .debug_str     0x0000000000003c2e       0x38 ../../LUFA/LUFA/Drivers/USB/Class/Host/RNDISClassHost.o
                                        0x18d (size before relaxing)
 .debug_str     0x0000000000003c66       0x3d ../../LUFA/LUFA/Drivers/USB/Class/Host/StillImageClassHost.o
                                        0x192 (size before relaxing)

.debug_loc      0x0000000000000000     0x66c1
 *(.debug_loc)
 .debug_loc     0x0000000000000000      0x2d5 Keyboard.o
 .debug_loc     0x00000000000002d5      0x24b Descriptors.o
 .debug_loc     0x0000000000000520      0xab2 ../../LUFA/LUFA/Drivers/USB/Class/Common/HIDParser.o
 .debug_loc     0x0000000000000fd2     0x1d9c ../../LUFA/LUFA/Drivers/USB/Core/AVR8/EndpointStream_AVR8.o
 .debug_loc     0x0000000000002d6e      0x3f2 ../../LUFA/LUFA/Drivers/USB/Core/AVR8/Endpoint_AVR8.o
 .debug_loc     0x0000000000003160       0x49 ../../LUFA/LUFA/Drivers/USB/Core/AVR8/USBController_AVR8.o
 .debug_loc     0x00000000000031a9      0x247 ../../LUFA/LUFA/Drivers/USB/Core/AVR8/USBInterrupt_AVR8.o
 .debug_loc     0x00000000000033f0      0x5bd ../../LUFA/LUFA/Drivers/USB/Core/ConfigDescriptors.o
 .debug_loc     0x00000000000039ad      0x2a8 ../../LUFA/LUFA/Drivers/USB/Core/DeviceStandardReq.o
 .debug_loc     0x0000000000003c55       0x49 ../../LUFA/LUFA/Drivers/USB/Core/USBTask.o
 .debug_loc     0x0000000000003c9e      0x37c ../../LUFA/LUFA/Drivers/USB/Class/Device/AudioClassDevice.o
 .debug_loc     0x000000000000401a      0x85b ../../LUFA/LUFA/Drivers/USB/Class/Device/CDCClassDevice.o
 .debug_loc     0x0000000000004875      0x42b ../../LUFA/LUFA/Drivers/USB/Class/Device/HIDClassDevice.o
 .debug_loc     0x0000000000004ca0      0x29f ../../LUFA/LUFA/Drivers/USB/Class/Device/MassStorageClassDevice.o
 .debug_loc     0x0000000000004f3f      0x2b8 ../../LUFA/LUFA/Drivers/USB/Class/Device/MIDIClassDevice.o
 .debug_loc     0x00000000000051f7      0x84c ../../LUFA/LUFA/Drivers/USB/Class/Device/PrinterClassDevice.o
 .debug_loc     0x0000000000005a43      0xc7e ../../LUFA/LUFA/Drivers/USB/Class/Device/RNDISClassDevice.o

.debug_macinfo
 *(.debug_macinfo)

.debug_pubtypes
 *(.debug_pubtypes)

.debug_ranges   0x0000000000000000      0x720
 *(.debug_ranges)
 .debug_ranges  0x0000000000000000       0x60 Keyboard.o
 .debug_ranges  0x0000000000000060       0x10 Descriptors.o
 .debug_ranges  0x0000000000000070       0xd0 ../../LUFA/LUFA/Drivers/USB/Class/Common/HIDParser.o
 .debug_ranges  0x0000000000000140       0x10 ../../LUFA/LUFA/Drivers/USB/Core/AVR8/Device_AVR8.o
 .debug_ranges  0x0000000000000150      0x250 ../../LUFA/LUFA/Drivers/USB/Core/AVR8/EndpointStream_AVR8.o
 .debug_ranges  0x00000000000003a0       0x90 ../../LUFA/LUFA/Drivers/USB/Core/AVR8/Endpoint_AVR8.o
 .debug_ranges  0x0000000000000430       0x20 ../../LUFA/LUFA/Drivers/USB/Core/AVR8/USBController_AVR8.o
 .debug_ranges  0x0000000000000450       0x20 ../../LUFA/LUFA/Drivers/USB/Core/AVR8/USBInterrupt_AVR8.o
 .debug_ranges  0x0000000000000470       0x30 ../../LUFA/LUFA/Drivers/USB/Core/ConfigDescriptors.o
 .debug_ranges  0x00000000000004a0       0x40 ../../LUFA/LUFA/Drivers/USB/Core/DeviceStandardReq.o
 .debug_ranges  0x00000000000004e0       0x10 ../../LUFA/LUFA/Drivers/USB/Core/Events.o
 .debug_ranges  0x00000000000004f0       0x10 ../../LUFA/LUFA/Drivers/USB/Core/USBTask.o
 .debug_ranges  0x0000000000000500       0x20 ../../LUFA/LUFA/Drivers/USB/Class/Device/AudioClassDevice.o
 .debug_ranges  0x0000000000000520       0x88 ../../LUFA/LUFA/Drivers/USB/Class/Device/CDCClassDevice.o
 .debug_ranges  0x00000000000005a8       0x20 ../../LUFA/LUFA/Drivers/USB/Class/Device/HIDClassDevice.o
 .debug_ranges  0x00000000000005c8       0x20 ../../LUFA/LUFA/Drivers/USB/Class/Device/MassStorageClassDevice.o
 .debug_ranges  0x00000000000005e8       0x30 ../../LUFA/LUFA/Drivers/USB/Class/Device/MIDIClassDevice.o
 .debug_ranges  0x0000000000000618       0x80 ../../LUFA/LUFA/Drivers/USB/Class/Device/PrinterClassDevice.o
 .debug_ranges  0x0000000000000698       0x88 ../../LUFA/LUFA/Drivers/USB/Class/Device/RNDISClassDevice.o

.debug_macro
 *(.debug_macro)
OUTPUT(Keyboard.elf elf32-avr)
LOAD linker stubs

Cross Reference Table

Symbol                                            File
Audio_Device_ConfigureEndpoints                   ../../LUFA/LUFA/Drivers/USB/Class/Device/AudioClassDevice.o
Audio_Device_Event_Stub                           ../../LUFA/LUFA/Drivers/USB/Class/Device/AudioClassDevice.o
Audio_Device_ProcessControlRequest                ../../LUFA/LUFA/Drivers/USB/Class/Device/AudioClassDevice.o
CALLBACK_Audio_Device_GetSetEndpointProperty      ../../LUFA/LUFA/Drivers/USB/Class/Device/AudioClassDevice.o
CALLBACK_Audio_Device_GetSetInterfaceProperty     ../../LUFA/LUFA/Drivers/USB/Class/Device/AudioClassDevice.o
CALLBACK_HIDParser_FilterHIDReportItem            ../../LUFA/LUFA/Drivers/USB/Class/Common/HIDParser.o
CALLBACK_HID_Device_CreateHIDReport               Keyboard.o
                                                  ../../LUFA/LUFA/Drivers/USB/Class/Device/HIDClassDevice.o
CALLBACK_HID_Device_ProcessHIDReport              Keyboard.o
                                                  ../../LUFA/LUFA/Drivers/USB/Class/Device/HIDClassDevice.o
CALLBACK_MS_Device_SCSICommandReceived            ../../LUFA/LUFA/Drivers/USB/Class/Device/MassStorageClassDevice.o
CALLBACK_USB_GetDescriptor                        Descriptors.o
                                                  ../../LUFA/LUFA/Drivers/USB/Core/DeviceStandardReq.o
CDC_Device_BytesReceived                          ../../LUFA/LUFA/Drivers/USB/Class/Device/CDCClassDevice.o
CDC_Device_ConfigureEndpoints                     ../../LUFA/LUFA/Drivers/USB/Class/Device/CDCClassDevice.o
CDC_Device_CreateBlockingStream                   ../../LUFA/LUFA/Drivers/USB/Class/Device/CDCClassDevice.o
CDC_Device_CreateStream                           ../../LUFA/LUFA/Drivers/USB/Class/Device/CDCClassDevice.o
CDC_Device_Event_Stub                             ../../LUFA/LUFA/Drivers/USB/Class/Device/CDCClassDevice.o
CDC_Device_Flush                                  ../../LUFA/LUFA/Drivers/USB/Class/Device/CDCClassDevice.o
CDC_Device_ProcessControlRequest                  ../../LUFA/LUFA/Drivers/USB/Class/Device/CDCClassDevice.o
CDC_Device_ReceiveByte                            ../../LUFA/LUFA/Drivers/USB/Class/Device/CDCClassDevice.o
CDC_Device_SendByte                               ../../LUFA/LUFA/Drivers/USB/Class/Device/CDCClassDevice.o
CDC_Device_SendControlLineStateChange             ../../LUFA/LUFA/Drivers/USB/Class/Device/CDCClassDevice.o
CDC_Device_SendData                               ../../LUFA/LUFA/Drivers/USB/Class/Device/CDCClassDevice.o
CDC_Device_SendString                             ../../LUFA/LUFA/Drivers/USB/Class/Device/CDCClassDevice.o
CDC_Device_USBTask                                ../../LUFA/LUFA/Drivers/USB/Class/Device/CDCClassDevice.o
CheckKeyboard                                     Keyboard.o
ConfigurationDescriptor                           Descriptors.o
DeviceDescriptor                                  Descriptors.o
EVENT_Audio_Device_StreamStartStop                ../../LUFA/LUFA/Drivers/USB/Class/Device/AudioClassDevice.o
EVENT_CDC_Device_BreakSent                        ../../LUFA/LUFA/Drivers/USB/Class/Device/CDCClassDevice.o
EVENT_CDC_Device_ControLineStateChanged           ../../LUFA/LUFA/Drivers/USB/Class/Device/CDCClassDevice.o
EVENT_CDC_Device_LineEncodingChanged              ../../LUFA/LUFA/Drivers/USB/Class/Device/CDCClassDevice.o
EVENT_PRNT_Device_SoftReset                       ../../LUFA/LUFA/Drivers/USB/Class/Device/PrinterClassDevice.o
EVENT_USB_Device_ConfigurationChanged             Keyboard.o
                                                  ../../LUFA/LUFA/Drivers/USB/Core/DeviceStandardReq.o
EVENT_USB_Device_Connect                          Keyboard.o
                                                  ../../LUFA/LUFA/Drivers/USB/Core/AVR8/USBInterrupt_AVR8.o
EVENT_USB_Device_ControlRequest                   Keyboard.o
                                                  ../../LUFA/LUFA/Drivers/USB/Core/DeviceStandardReq.o
EVENT_USB_Device_Disconnect                       Keyboard.o
                                                  ../../LUFA/LUFA/Drivers/USB/Core/AVR8/USBInterrupt_AVR8.o
EVENT_USB_Device_Reset                            ../../LUFA/LUFA/Drivers/USB/Core/Events.o
                                                  ../../LUFA/LUFA/Drivers/USB/Core/AVR8/USBInterrupt_AVR8.o
EVENT_USB_Device_StartOfFrame                     Keyboard.o
                                                  ../../LUFA/LUFA/Drivers/USB/Core/AVR8/USBInterrupt_AVR8.o
EVENT_USB_Device_Suspend                          ../../LUFA/LUFA/Drivers/USB/Core/Events.o
                                                  ../../LUFA/LUFA/Drivers/USB/Core/AVR8/USBInterrupt_AVR8.o
EVENT_USB_Device_WakeUp                           ../../LUFA/LUFA/Drivers/USB/Core/Events.o
                                                  ../../LUFA/LUFA/Drivers/USB/Core/AVR8/USBInterrupt_AVR8.o
Endpoint_ClearEndpoints                           ../../LUFA/LUFA/Drivers/USB/Core/AVR8/Endpoint_AVR8.o
Endpoint_ClearStatusStage                         ../../LUFA/LUFA/Drivers/USB/Core/AVR8/Endpoint_AVR8.o
                                                  ../../LUFA/LUFA/Drivers/USB/Class/Device/PrinterClassDevice.o
                                                  ../../LUFA/LUFA/Drivers/USB/Class/Device/MassStorageClassDevice.o
                                                  ../../LUFA/LUFA/Drivers/USB/Class/Device/HIDClassDevice.o
                                                  ../../LUFA/LUFA/Drivers/USB/Class/Device/CDCClassDevice.o
                                                  ../../LUFA/LUFA/Drivers/USB/Class/Device/AudioClassDevice.o
                                                  ../../LUFA/LUFA/Drivers/USB/Core/DeviceStandardReq.o
Endpoint_ConfigureEndpointTable                   ../../LUFA/LUFA/Drivers/USB/Core/AVR8/Endpoint_AVR8.o
                                                  ../../LUFA/LUFA/Drivers/USB/Class/Device/RNDISClassDevice.o
                                                  ../../LUFA/LUFA/Drivers/USB/Class/Device/PrinterClassDevice.o
                                                  ../../LUFA/LUFA/Drivers/USB/Class/Device/MIDIClassDevice.o
                                                  ../../LUFA/LUFA/Drivers/USB/Class/Device/MassStorageClassDevice.o
                                                  ../../LUFA/LUFA/Drivers/USB/Class/Device/HIDClassDevice.o
                                                  ../../LUFA/LUFA/Drivers/USB/Class/Device/CDCClassDevice.o
                                                  ../../LUFA/LUFA/Drivers/USB/Class/Device/AudioClassDevice.o
Endpoint_ConfigureEndpoint_Prv                    ../../LUFA/LUFA/Drivers/USB/Core/AVR8/Endpoint_AVR8.o
                                                  ../../LUFA/LUFA/Drivers/USB/Core/AVR8/USBInterrupt_AVR8.o
                                                  ../../LUFA/LUFA/Drivers/USB/Core/AVR8/USBController_AVR8.o
Endpoint_Discard_Stream                           ../../LUFA/LUFA/Drivers/USB/Core/AVR8/EndpointStream_AVR8.o
Endpoint_Null_Stream                              ../../LUFA/LUFA/Drivers/USB/Core/AVR8/EndpointStream_AVR8.o
Endpoint_Read_Control_EStream_BE                  ../../LUFA/LUFA/Drivers/USB/Core/AVR8/EndpointStream_AVR8.o
Endpoint_Read_Control_EStream_LE                  ../../LUFA/LUFA/Drivers/USB/Core/AVR8/EndpointStream_AVR8.o
Endpoint_Read_Control_Stream_BE                   ../../LUFA/LUFA/Drivers/USB/Core/AVR8/EndpointStream_AVR8.o
Endpoint_Read_Control_Stream_LE                   ../../LUFA/LUFA/Drivers/USB/Core/AVR8/EndpointStream_AVR8.o
                                                  ../../LUFA/LUFA/Drivers/USB/Class/Device/RNDISClassDevice.o
                                                  ../../LUFA/LUFA/Drivers/USB/Class/Device/HIDClassDevice.o
                                                  ../../LUFA/LUFA/Drivers/USB/Class/Device/AudioClassDevice.o
Endpoint_Read_EStream_BE                          ../../LUFA/LUFA/Drivers/USB/Core/AVR8/EndpointStream_AVR8.o
Endpoint_Read_EStream_LE                          ../../LUFA/LUFA/Drivers/USB/Core/AVR8/EndpointStream_AVR8.o
Endpoint_Read_Stream_BE                           ../../LUFA/LUFA/Drivers/USB/Core/AVR8/EndpointStream_AVR8.o
Endpoint_Read_Stream_LE                           ../../LUFA/LUFA/Drivers/USB/Core/AVR8/EndpointStream_AVR8.o
                                                  ../../LUFA/LUFA/Drivers/USB/Class/Device/RNDISClassDevice.o
                                                  ../../LUFA/LUFA/Drivers/USB/Class/Device/MIDIClassDevice.o
                                                  ../../LUFA/LUFA/Drivers/USB/Class/Device/MassStorageClassDevice.o
Endpoint_WaitUntilReady                           ../../LUFA/LUFA/Drivers/USB/Core/AVR8/Endpoint_AVR8.o
                                                  ../../LUFA/LUFA/Drivers/USB/Class/Device/RNDISClassDevice.o
                                                  ../../LUFA/LUFA/Drivers/USB/Class/Device/PrinterClassDevice.o
                                                  ../../LUFA/LUFA/Drivers/USB/Class/Device/MIDIClassDevice.o
                                                  ../../LUFA/LUFA/Drivers/USB/Class/Device/CDCClassDevice.o
                                                  ../../LUFA/LUFA/Drivers/USB/Core/AVR8/EndpointStream_AVR8.o
Endpoint_Write_Control_EStream_BE                 ../../LUFA/LUFA/Drivers/USB/Core/AVR8/EndpointStream_AVR8.o
Endpoint_Write_Control_EStream_LE                 ../../LUFA/LUFA/Drivers/USB/Core/AVR8/EndpointStream_AVR8.o
Endpoint_Write_Control_PStream_BE                 ../../LUFA/LUFA/Drivers/USB/Core/AVR8/EndpointStream_AVR8.o
Endpoint_Write_Control_PStream_LE                 ../../LUFA/LUFA/Drivers/USB/Core/AVR8/EndpointStream_AVR8.o
                                                  ../../LUFA/LUFA/Drivers/USB/Core/DeviceStandardReq.o
Endpoint_Write_Control_Stream_BE                  ../../LUFA/LUFA/Drivers/USB/Core/AVR8/EndpointStream_AVR8.o
Endpoint_Write_Control_Stream_LE                  ../../LUFA/LUFA/Drivers/USB/Core/AVR8/EndpointStream_AVR8.o
                                                  ../../LUFA/LUFA/Drivers/USB/Class/Device/RNDISClassDevice.o
                                                  ../../LUFA/LUFA/Drivers/USB/Class/Device/PrinterClassDevice.o
                                                  ../../LUFA/LUFA/Drivers/USB/Class/Device/HIDClassDevice.o
                                                  ../../LUFA/LUFA/Drivers/USB/Class/Device/AudioClassDevice.o
                                                  ../../LUFA/LUFA/Drivers/USB/Core/DeviceStandardReq.o
Endpoint_Write_EStream_BE                         ../../LUFA/LUFA/Drivers/USB/Core/AVR8/EndpointStream_AVR8.o
Endpoint_Write_EStream_LE                         ../../LUFA/LUFA/Drivers/USB/Core/AVR8/EndpointStream_AVR8.o
Endpoint_Write_PStream_BE                         ../../LUFA/LUFA/Drivers/USB/Core/AVR8/EndpointStream_AVR8.o
Endpoint_Write_PStream_LE                         ../../LUFA/LUFA/Drivers/USB/Core/AVR8/EndpointStream_AVR8.o
Endpoint_Write_Stream_BE                          ../../LUFA/LUFA/Drivers/USB/Core/AVR8/EndpointStream_AVR8.o
Endpoint_Write_Stream_LE                          ../../LUFA/LUFA/Drivers/USB/Core/AVR8/EndpointStream_AVR8.o
                                                  ../../LUFA/LUFA/Drivers/USB/Class/Device/RNDISClassDevice.o
                                                  ../../LUFA/LUFA/Drivers/USB/Class/Device/PrinterClassDevice.o
                                                  ../../LUFA/LUFA/Drivers/USB/Class/Device/MIDIClassDevice.o
                                                  ../../LUFA/LUFA/Drivers/USB/Class/Device/MassStorageClassDevice.o
                                                  ../../LUFA/LUFA/Drivers/USB/Class/Device/HIDClassDevice.o
                                                  ../../LUFA/LUFA/Drivers/USB/Class/Device/CDCClassDevice.o
HID_Device_ConfigureEndpoints                     ../../LUFA/LUFA/Drivers/USB/Class/Device/HIDClassDevice.o
                                                  Keyboard.o
HID_Device_ProcessControlRequest                  ../../LUFA/LUFA/Drivers/USB/Class/Device/HIDClassDevice.o
                                                  Keyboard.o
HID_Device_USBTask                                ../../LUFA/LUFA/Drivers/USB/Class/Device/HIDClassDevice.o
                                                  Keyboard.o
KeyboardReport                                    Descriptors.o
Keyboard_HID_Interface                            Keyboard.o
LanguageString                                    Descriptors.o
MIDI_Device_ConfigureEndpoints                    ../../LUFA/LUFA/Drivers/USB/Class/Device/MIDIClassDevice.o
MIDI_Device_Flush                                 ../../LUFA/LUFA/Drivers/USB/Class/Device/MIDIClassDevice.o
MIDI_Device_ReceiveEventPacket                    ../../LUFA/LUFA/Drivers/USB/Class/Device/MIDIClassDevice.o
MIDI_Device_SendEventPacket                       ../../LUFA/LUFA/Drivers/USB/Class/Device/MIDIClassDevice.o
MIDI_Device_USBTask                               ../../LUFA/LUFA/Drivers/USB/Class/Device/MIDIClassDevice.o
MS_Device_ConfigureEndpoints                      ../../LUFA/LUFA/Drivers/USB/Class/Device/MassStorageClassDevice.o
MS_Device_ProcessControlRequest                   ../../LUFA/LUFA/Drivers/USB/Class/Device/MassStorageClassDevice.o
MS_Device_USBTask                                 ../../LUFA/LUFA/Drivers/USB/Class/Device/MassStorageClassDevice.o
ManufacturerString                                Descriptors.o
PRNT_Device_BytesReceived                         ../../LUFA/LUFA/Drivers/USB/Class/Device/PrinterClassDevice.o
PRNT_Device_ConfigureEndpoints                    ../../LUFA/LUFA/Drivers/USB/Class/Device/PrinterClassDevice.o
PRNT_Device_CreateBlockingStream                  ../../LUFA/LUFA/Drivers/USB/Class/Device/PrinterClassDevice.o
PRNT_Device_CreateStream                          ../../LUFA/LUFA/Drivers/USB/Class/Device/PrinterClassDevice.o
PRNT_Device_Event_Stub                            ../../LUFA/LUFA/Drivers/USB/Class/Device/PrinterClassDevice.o
PRNT_Device_Flush                                 ../../LUFA/LUFA/Drivers/USB/Class/Device/PrinterClassDevice.o
PRNT_Device_ProcessControlRequest                 ../../LUFA/LUFA/Drivers/USB/Class/Device/PrinterClassDevice.o
PRNT_Device_ReceiveByte                           ../../LUFA/LUFA/Drivers/USB/Class/Device/PrinterClassDevice.o
PRNT_Device_SendByte                              ../../LUFA/LUFA/Drivers/USB/Class/Device/PrinterClassDevice.o
PRNT_Device_SendData                              ../../LUFA/LUFA/Drivers/USB/Class/Device/PrinterClassDevice.o
PRNT_Device_SendString                            ../../LUFA/LUFA/Drivers/USB/Class/Device/PrinterClassDevice.o
PRNT_Device_USBTask                               ../../LUFA/LUFA/Drivers/USB/Class/Device/PrinterClassDevice.o
ProductString                                     Descriptors.o
RNDIS_Device_ConfigureEndpoints                   ../../LUFA/LUFA/Drivers/USB/Class/Device/RNDISClassDevice.o
RNDIS_Device_IsPacketReceived                     ../../LUFA/LUFA/Drivers/USB/Class/Device/RNDISClassDevice.o
RNDIS_Device_ProcessControlRequest                ../../LUFA/LUFA/Drivers/USB/Class/Device/RNDISClassDevice.o
RNDIS_Device_ReadPacket                           ../../LUFA/LUFA/Drivers/USB/Class/Device/RNDISClassDevice.o
RNDIS_Device_SendPacket                           ../../LUFA/LUFA/Drivers/USB/Class/Device/RNDISClassDevice.o
RNDIS_Device_USBTask                              ../../LUFA/LUFA/Drivers/USB/Class/Device/RNDISClassDevice.o
SetupHardware                                     Keyboard.o
USB_ControlRequest                                ../../LUFA/LUFA/Drivers/USB/Class/Device/RNDISClassDevice.o
                                                  ../../LUFA/LUFA/Drivers/USB/Class/Device/PrinterClassDevice.o
                                                  ../../LUFA/LUFA/Drivers/USB/Class/Device/MassStorageClassDevice.o
                                                  ../../LUFA/LUFA/Drivers/USB/Class/Device/HIDClassDevice.o
                                                  ../../LUFA/LUFA/Drivers/USB/Class/Device/CDCClassDevice.o
                                                  ../../LUFA/LUFA/Drivers/USB/Class/Device/AudioClassDevice.o
                                                  ../../LUFA/LUFA/Drivers/USB/Core/USBTask.o
                                                  ../../LUFA/LUFA/Drivers/USB/Core/DeviceStandardReq.o
                                                  ../../LUFA/LUFA/Drivers/USB/Core/AVR8/Endpoint_AVR8.o
                                                  ../../LUFA/LUFA/Drivers/USB/Core/AVR8/EndpointStream_AVR8.o
USB_DeviceState                                   ../../LUFA/LUFA/Drivers/USB/Class/Device/RNDISClassDevice.o
                                                  ../../LUFA/LUFA/Drivers/USB/Class/Device/PrinterClassDevice.o
                                                  ../../LUFA/LUFA/Drivers/USB/Class/Device/MIDIClassDevice.o
                                                  ../../LUFA/LUFA/Drivers/USB/Class/Device/MassStorageClassDevice.o
                                                  ../../LUFA/LUFA/Drivers/USB/Class/Device/HIDClassDevice.o
                                                  ../../LUFA/LUFA/Drivers/USB/Class/Device/CDCClassDevice.o
                                                  ../../LUFA/LUFA/Drivers/USB/Core/USBTask.o
                                                  ../../LUFA/LUFA/Drivers/USB/Core/DeviceStandardReq.o
                                                  ../../LUFA/LUFA/Drivers/USB/Core/AVR8/USBInterrupt_AVR8.o
                                                  ../../LUFA/LUFA/Drivers/USB/Core/AVR8/USBController_AVR8.o
                                                  ../../LUFA/LUFA/Drivers/USB/Core/AVR8/Endpoint_AVR8.o
                                                  ../../LUFA/LUFA/Drivers/USB/Core/AVR8/EndpointStream_AVR8.o
USB_Device_ConfigurationNumber                    ../../LUFA/LUFA/Drivers/USB/Core/DeviceStandardReq.o
                                                  ../../LUFA/LUFA/Drivers/USB/Core/AVR8/USBInterrupt_AVR8.o
                                                  ../../LUFA/LUFA/Drivers/USB/Core/AVR8/USBController_AVR8.o
USB_Device_CurrentlySelfPowered                   ../../LUFA/LUFA/Drivers/USB/Core/DeviceStandardReq.o
                                                  ../../LUFA/LUFA/Drivers/USB/Core/AVR8/USBController_AVR8.o
USB_Device_ProcessControlRequest                  ../../LUFA/LUFA/Drivers/USB/Core/DeviceStandardReq.o
                                                  ../../LUFA/LUFA/Drivers/USB/Core/USBTask.o
USB_Device_RemoteWakeupEnabled                    ../../LUFA/LUFA/Drivers/USB/Core/DeviceStandardReq.o
                                                  ../../LUFA/LUFA/Drivers/USB/Core/AVR8/USBController_AVR8.o
USB_Device_SendRemoteWakeup                       ../../LUFA/LUFA/Drivers/USB/Core/AVR8/Device_AVR8.o
USB_Disable                                       ../../LUFA/LUFA/Drivers/USB/Core/AVR8/USBController_AVR8.o
USB_Event_Stub                                    ../../LUFA/LUFA/Drivers/USB/Core/Events.o
USB_GetHIDReportItemInfo                          ../../LUFA/LUFA/Drivers/USB/Class/Common/HIDParser.o
USB_GetHIDReportSize                              ../../LUFA/LUFA/Drivers/USB/Class/Common/HIDParser.o
USB_GetNextDescriptorComp                         ../../LUFA/LUFA/Drivers/USB/Core/ConfigDescriptors.o
USB_GetNextDescriptorOfType                       ../../LUFA/LUFA/Drivers/USB/Core/ConfigDescriptors.o
USB_GetNextDescriptorOfTypeAfter                  ../../LUFA/LUFA/Drivers/USB/Core/ConfigDescriptors.o
USB_GetNextDescriptorOfTypeBefore                 ../../LUFA/LUFA/Drivers/USB/Core/ConfigDescriptors.o
USB_INT_ClearAllInterrupts                        ../../LUFA/LUFA/Drivers/USB/Core/AVR8/USBInterrupt_AVR8.o
                                                  ../../LUFA/LUFA/Drivers/USB/Core/AVR8/USBController_AVR8.o
USB_INT_DisableAllInterrupts                      ../../LUFA/LUFA/Drivers/USB/Core/AVR8/USBInterrupt_AVR8.o
                                                  ../../LUFA/LUFA/Drivers/USB/Core/AVR8/USBController_AVR8.o
USB_Init                                          ../../LUFA/LUFA/Drivers/USB/Core/AVR8/USBController_AVR8.o
                                                  Keyboard.o
USB_IsInitialized                                 ../../LUFA/LUFA/Drivers/USB/Core/USBTask.o
                                                  ../../LUFA/LUFA/Drivers/USB/Core/AVR8/USBController_AVR8.o
USB_ProcessHIDReport                              ../../LUFA/LUFA/Drivers/USB/Class/Common/HIDParser.o
USB_ResetInterface                                ../../LUFA/LUFA/Drivers/USB/Core/AVR8/USBController_AVR8.o
USB_SetHIDReportItemInfo                          ../../LUFA/LUFA/Drivers/USB/Class/Common/HIDParser.o
USB_USBTask                                       ../../LUFA/LUFA/Drivers/USB/Core/USBTask.o
                                                  ../../LUFA/LUFA/Drivers/USB/Class/Device/PrinterClassDevice.o
                                                  ../../LUFA/LUFA/Drivers/USB/Class/Device/MassStorageClassDevice.o
                                                  ../../LUFA/LUFA/Drivers/USB/Class/Device/CDCClassDevice.o
                                                  ../../LUFA/LUFA/Drivers/USB/Core/AVR8/EndpointStream_AVR8.o
                                                  Keyboard.o
__bad_interrupt                                   /usr/lib/gcc/avr/4.8.2/../../../avr/lib/avr51/crtusb1286.o
__bss_end                                         /usr/lib/gcc/avr/4.8.2/avr51/libgcc.a(_clear_bss.o)
__bss_start                                       /usr/lib/gcc/avr/4.8.2/avr51/libgcc.a(_clear_bss.o)
__data_end                                        /usr/lib/gcc/avr/4.8.2/avr51/libgcc.a(_copy_data.o)
__data_load_start                                 /usr/lib/gcc/avr/4.8.2/avr51/libgcc.a(_copy_data.o)
__data_start                                      /usr/lib/gcc/avr/4.8.2/avr51/libgcc.a(_copy_data.o)
__do_clear_bss                                    /usr/lib/gcc/avr/4.8.2/avr51/libgcc.a(_clear_bss.o)
                                                  ../../LUFA/LUFA/Drivers/USB/Core/USBTask.o
                                                  ../../LUFA/LUFA/Drivers/USB/Core/DeviceStandardReq.o
                                                  Keyboard.o
__do_copy_data                                    /usr/lib/gcc/avr/4.8.2/avr51/libgcc.a(_copy_data.o)
                                                  ../../LUFA/LUFA/Drivers/USB/Class/Device/RNDISClassDevice.o
                                                  ../../LUFA/LUFA/Drivers/USB/Class/Device/CDCClassDevice.o
                                                  Keyboard.o
__eerd_byte_usb1286                               /usr/lib/gcc/avr/4.8.2/../../../avr/lib/avr51/libc.a(eerd_byte_at90usb1286.o)
                                                  ../../LUFA/LUFA/Drivers/USB/Core/AVR8/EndpointStream_AVR8.o
__eeupd_byte_usb1286                              /usr/lib/gcc/avr/4.8.2/../../../avr/lib/avr51/libc.a(eeupd_byte_at90usb1286.o)
                                                  ../../LUFA/LUFA/Drivers/USB/Core/AVR8/EndpointStream_AVR8.o
__eeupd_r18_usb1286                               /usr/lib/gcc/avr/4.8.2/../../../avr/lib/avr51/libc.a(eeupd_byte_at90usb1286.o)
__heap_end                                        /usr/lib/gcc/avr/4.8.2/../../../avr/lib/avr51/crtusb1286.o
__init                                            /usr/lib/gcc/avr/4.8.2/../../../avr/lib/avr51/crtusb1286.o
__stack                                           /usr/lib/gcc/avr/4.8.2/../../../avr/lib/avr51/crtusb1286.o
__tablejump2__                                    /usr/lib/gcc/avr/4.8.2/avr51/libgcc.a(_tablejump.o)
                                                  ../../LUFA/LUFA/Drivers/USB/Core/DeviceStandardReq.o
__tablejump__                                     /usr/lib/gcc/avr/4.8.2/avr51/libgcc.a(_tablejump.o)
__vector_1                                        /usr/lib/gcc/avr/4.8.2/../../../avr/lib/avr51/crtusb1286.o
__vector_10                                       ../../LUFA/LUFA/Drivers/USB/Core/AVR8/USBInterrupt_AVR8.o
                                                  /usr/lib/gcc/avr/4.8.2/../../../avr/lib/avr51/crtusb1286.o
__vector_11                                       /usr/lib/gcc/avr/4.8.2/../../../avr/lib/avr51/crtusb1286.o
__vector_12                                       /usr/lib/gcc/avr/4.8.2/../../../avr/lib/avr51/crtusb1286.o
__vector_13                                       /usr/lib/gcc/avr/4.8.2/../../../avr/lib/avr51/crtusb1286.o
__vector_14                                       /usr/lib/gcc/avr/4.8.2/../../../avr/lib/avr51/crtusb1286.o
__vector_15                                       /usr/lib/gcc/avr/4.8.2/../../../avr/lib/avr51/crtusb1286.o
__vector_16                                       /usr/lib/gcc/avr/4.8.2/../../../avr/lib/avr51/crtusb1286.o
__vector_17                                       /usr/lib/gcc/avr/4.8.2/../../../avr/lib/avr51/crtusb1286.o
__vector_18                                       /usr/lib/gcc/avr/4.8.2/../../../avr/lib/avr51/crtusb1286.o
__vector_19                                       /usr/lib/gcc/avr/4.8.2/../../../avr/lib/avr51/crtusb1286.o
__vector_2                                        /usr/lib/gcc/avr/4.8.2/../../../avr/lib/avr51/crtusb1286.o
__vector_20                                       /usr/lib/gcc/avr/4.8.2/../../../avr/lib/avr51/crtusb1286.o
__vector_21                                       /usr/lib/gcc/avr/4.8.2/../../../avr/lib/avr51/crtusb1286.o
__vector_22                                       /usr/lib/gcc/avr/4.8.2/../../../avr/lib/avr51/crtusb1286.o
__vector_23                                       /usr/lib/gcc/avr/4.8.2/../../../avr/lib/avr51/crtusb1286.o
__vector_24                                       /usr/lib/gcc/avr/4.8.2/../../../avr/lib/avr51/crtusb1286.o
__vector_25                                       /usr/lib/gcc/avr/4.8.2/../../../avr/lib/avr51/crtusb1286.o
__vector_26                                       /usr/lib/gcc/avr/4.8.2/../../../avr/lib/avr51/crtusb1286.o
__vector_27                                       /usr/lib/gcc/avr/4.8.2/../../../avr/lib/avr51/crtusb1286.o
__vector_28                                       /usr/lib/gcc/avr/4.8.2/../../../avr/lib/avr51/crtusb1286.o
__vector_29                                       /usr/lib/gcc/avr/4.8.2/../../../avr/lib/avr51/crtusb1286.o
__vector_3                                        /usr/lib/gcc/avr/4.8.2/../../../avr/lib/avr51/crtusb1286.o
__vector_30                                       /usr/lib/gcc/avr/4.8.2/../../../avr/lib/avr51/crtusb1286.o
__vector_31                                       /usr/lib/gcc/avr/4.8.2/../../../avr/lib/avr51/crtusb1286.o
__vector_32                                       /usr/lib/gcc/avr/4.8.2/../../../avr/lib/avr51/crtusb1286.o
__vector_33                                       /usr/lib/gcc/avr/4.8.2/../../../avr/lib/avr51/crtusb1286.o
__vector_34                                       /usr/lib/gcc/avr/4.8.2/../../../avr/lib/avr51/crtusb1286.o
__vector_35                                       /usr/lib/gcc/avr/4.8.2/../../../avr/lib/avr51/crtusb1286.o
__vector_36                                       /usr/lib/gcc/avr/4.8.2/../../../avr/lib/avr51/crtusb1286.o
__vector_37                                       /usr/lib/gcc/avr/4.8.2/../../../avr/lib/avr51/crtusb1286.o
__vector_4                                        /usr/lib/gcc/avr/4.8.2/../../../avr/lib/avr51/crtusb1286.o
__vector_5                                        /usr/lib/gcc/avr/4.8.2/../../../avr/lib/avr51/crtusb1286.o
__vector_6                                        /usr/lib/gcc/avr/4.8.2/../../../avr/lib/avr51/crtusb1286.o
__vector_7                                        /usr/lib/gcc/avr/4.8.2/../../../avr/lib/avr51/crtusb1286.o
__vector_8                                        /usr/lib/gcc/avr/4.8.2/../../../avr/lib/avr51/crtusb1286.o
__vector_9                                        /usr/lib/gcc/avr/4.8.2/../../../avr/lib/avr51/crtusb1286.o
__vector_default                                  /usr/lib/gcc/avr/4.8.2/../../../avr/lib/avr51/crtusb1286.o
__vectors                                         /usr/lib/gcc/avr/4.8.2/../../../avr/lib/avr51/crtusb1286.o
_exit                                             /usr/lib/gcc/avr/4.8.2/avr51/libgcc.a(_exit.o)
exit                                              /usr/lib/gcc/avr/4.8.2/avr51/libgcc.a(_exit.o)
                                                  /usr/lib/gcc/avr/4.8.2/../../../avr/lib/avr51/crtusb1286.o
hidmap                                            Keyboard.o
main                                              Keyboard.o
                                                  /usr/lib/gcc/avr/4.8.2/../../../avr/lib/avr51/crtusb1286.o
memcmp                                            /usr/lib/gcc/avr/4.8.2/../../../avr/lib/avr51/libc.a(memcmp.o)
                                                  ../../LUFA/LUFA/Drivers/USB/Class/Device/HIDClassDevice.o
memcpy                                            /usr/lib/gcc/avr/4.8.2/../../../avr/lib/avr51/libc.a(memcpy.o)
                                                  ../../LUFA/LUFA/Drivers/USB/Class/Device/RNDISClassDevice.o
                                                  ../../LUFA/LUFA/Drivers/USB/Class/Device/HIDClassDevice.o
memcpy_P                                          /usr/lib/gcc/avr/4.8.2/../../../avr/lib/avr51/libc.a(memcpy_P.o)
                                                  ../../LUFA/LUFA/Drivers/USB/Class/Device/RNDISClassDevice.o
memset                                            /usr/lib/gcc/avr/4.8.2/../../../avr/lib/avr51/libc.a(memset.o)
                                                  ../../LUFA/LUFA/Drivers/USB/Class/Device/HIDClassDevice.o
pb                                                Keyboard.o
pc                                                Keyboard.o
prev                                              Keyboard.o
